[CTRL] Process nice priority: 0 -> -20
[CTRL] stress situation classifier armed, memcached pinned to [0, 1, 2]
[CTRL] stress situation: active load seen total=12.1%
[CTRL] stress situation: change 1 at total=52.5%
[CTRL] stress situation: change 2 at total=106.7%
[CTRL] stress situation=True reason=median_change_s=2.75, exec policy=bounded_total_gate_slotb_plus
[CTRL] Process nice priority: -20 -> -20
[CTRL] Policy: bounded_total_gate_slotb_plus  (TOTAL-CPU mode | hysteresis=5iters | poll=0.1s slot_check=0.1s | init_tier=3 min_tier=2 cap_tier=3 | thresholds={2: [(3, '>', 175.0)], 3: [(2, '<', 100.0)]} | shrink_confirm=20iters | startup_tier_lock=0.0s | slot_A_delay=0.0s slot_B_delay=0.0s | slot_A_guard=0.0/0.0 hold=0.0s confirm=1 | slot_A_dyn_throttle=10% 135.0/85.0 | admission_episode=170.0/130.0 A=2eps/120.0%/10iters/10.0s B=0eps/0.0%/1iters/0.0s)
[CTRL] memcached PID=291079
[CTRL] memcached pinned to [0, 1, 2] (tier 3)
[CTRL] admission high episode 1 at total=188.7%
[CTRL] tier 3 -> 2  mem=[0, 1]  slot_B=[2] (total=89.4% (rule <100.0))
[CTRL] slot_B: started freqmine on cores=[2] threads=2
[CTRL] admission high episode 2 at total=173.8%
[CTRL] tier 2 -> 3  mem=[0, 1, 2]  slot_B=PAUSED (total=191.0% (rule >175.0))
[CTRL] tier 3 -> 2  mem=[0, 1]  slot_B=[2] (total=78.1% (rule <100.0))
[CTRL] slot_A: started blackscholes on cores=[3] threads=1
[CTRL] admission high episode 3 at total=171.4%
[CTRL] admission high episode 4 at total=176.0%
[CTRL] tier 2 -> 3  mem=[0, 1, 2]  slot_B=PAUSED (total=176.0% (rule >175.0))
[CTRL] slot_A dynamic throttle to 10% at total=176.0%
[CTRL] tier 3 -> 2  mem=[0, 1]  slot_B=[2] (total=77.2% (rule <100.0))
[CTRL] slot_A dynamic throttle removed at total=143.0%
[CTRL] admission high episode 5 at total=180.9%
[CTRL] tier 2 -> 3  mem=[0, 1, 2]  slot_B=PAUSED (total=180.9% (rule >175.0))
[CTRL] slot_A dynamic throttle to 10% at total=180.9%
[CTRL] tier 3 -> 2  mem=[0, 1]  slot_B=[2] (total=76.8% (rule <100.0))
[CTRL] slot_A dynamic throttle removed at total=28.9%
[CTRL] admission high episode 6 at total=171.5%
[CTRL] slot_A: blackscholes done
[CTRL] slot_A: started barnes on cores=[3] threads=1
[CTRL] admission high episode 7 at total=178.6%
[CTRL] tier 2 -> 3  mem=[0, 1, 2]  slot_B=PAUSED (total=178.6% (rule >175.0))
[CTRL] slot_A dynamic throttle to 10% at total=178.6%
[CTRL] tier 3 -> 2  mem=[0, 1]  slot_B=[2] (total=9.7% (rule <100.0))
[CTRL] slot_A dynamic throttle removed at total=19.4%
[CTRL] admission high episode 8 at total=172.3%
[CTRL] admission high episode 9 at total=176.7%
[CTRL] tier 2 -> 3  mem=[0, 1, 2]  slot_B=PAUSED (total=176.7% (rule >175.0))
[CTRL] slot_A dynamic throttle to 10% at total=176.7%
[CTRL] tier 3 -> 2  mem=[0, 1]  slot_B=[2] (total=58.1% (rule <100.0))
[CTRL] admission high episode 10 at total=171.8%
[CTRL] slot_A dynamic throttle removed at total=162.0%
[CTRL] tier 2 -> 3  mem=[0, 1, 2]  slot_B=PAUSED (total=196.3% (rule >175.0))
[CTRL] tier 3 -> 2  mem=[0, 1]  slot_B=[2] (total=77.0% (rule <100.0))
[CTRL] admission high episode 11 at total=170.0%
[CTRL] admission high episode 12 at total=179.6%
[CTRL] tier 2 -> 3  mem=[0, 1, 2]  slot_B=PAUSED (total=179.6% (rule >175.0))
[CTRL] slot_A dynamic throttle to 10% at total=179.6%
[CTRL] tier 3 -> 2  mem=[0, 1]  slot_B=[2] (total=67.6% (rule <100.0))
[CTRL] slot_A dynamic throttle removed at total=19.3%
[CTRL] admission high episode 13 at total=177.7%
[CTRL] tier 2 -> 3  mem=[0, 1, 2]  slot_B=PAUSED (total=177.7% (rule >175.0))
[CTRL] slot_A dynamic throttle to 10% at total=177.7%
[CTRL] tier 3 -> 2  mem=[0, 1]  slot_B=[2] (total=86.6% (rule <100.0))
[CTRL] slot_A dynamic throttle removed at total=133.9%
[CTRL] admission high episode 14 at total=172.0%
[CTRL] tier 2 -> 3  mem=[0, 1, 2]  slot_B=PAUSED (total=179.5% (rule >175.0))
[CTRL] tier 3 -> 2  mem=[0, 1]  slot_B=[2] (total=95.7% (rule <100.0))
[CTRL] admission high episode 15 at total=177.9%
[CTRL] tier 2 -> 3  mem=[0, 1, 2]  slot_B=PAUSED (total=177.9% (rule >175.0))
[CTRL] slot_A dynamic throttle to 10% at total=177.9%
[CTRL] tier 3 -> 2  mem=[0, 1]  slot_B=[2] (total=77.2% (rule <100.0))
[CTRL] slot_A dynamic throttle removed at total=38.3%
[CTRL] admission high episode 16 at total=195.2%
[CTRL] tier 2 -> 3  mem=[0, 1, 2]  slot_B=PAUSED (total=195.2% (rule >175.0))
[CTRL] slot_A dynamic throttle to 10% at total=195.2%
[CTRL] tier 3 -> 2  mem=[0, 1]  slot_B=[2] (total=86.8% (rule <100.0))
[CTRL] slot_A dynamic throttle removed at total=105.7%
[CTRL] admission high episode 17 at total=170.5%
[CTRL] tier 2 -> 3  mem=[0, 1, 2]  slot_B=PAUSED (total=189.9% (rule >175.0))
[CTRL] slot_A dynamic throttle to 10% at total=189.9%
[CTRL] admission high episode 18 at total=198.4%
[CTRL] slot_A dynamic throttle removed at total=29.1%
[CTRL] tier 3 -> 2  mem=[0, 1]  slot_B=[2] (total=29.0% (rule <100.0))
[CTRL] admission high episode 19 at total=195.9%
[CTRL] tier 2 -> 3  mem=[0, 1, 2]  slot_B=PAUSED (total=195.9% (rule >175.0))
[CTRL] slot_A dynamic throttle to 10% at total=195.9%
[CTRL] tier 3 -> 2  mem=[0, 1]  slot_B=[2] (total=29.1% (rule <100.0))
[CTRL] slot_A dynamic throttle removed at total=151.6%
[CTRL] slot_A: barnes done
[CTRL] slot_A: started radix on cores=[3] threads=1
[CTRL] admission high episode 20 at total=180.1%
[CTRL] tier 2 -> 3  mem=[0, 1, 2]  slot_B=PAUSED (total=180.1% (rule >175.0))
[CTRL] slot_A dynamic throttle to 10% at total=180.1%
[CTRL] slot_A dynamic throttle removed at total=48.2%
[CTRL] tier 3 -> 2  mem=[0, 1]  slot_B=[2] (total=57.9% (rule <100.0))
[CTRL] admission high episode 21 at total=170.2%
[CTRL] tier 2 -> 3  mem=[0, 1, 2]  slot_B=PAUSED (total=179.8% (rule >175.0))
[CTRL] slot_A dynamic throttle to 10% at total=143.1%
[CTRL] admission high episode 22 at total=171.9%
[CTRL] tier 3 -> 2  mem=[0, 1]  slot_B=[2] (total=67.7% (rule <100.0))
[CTRL] slot_A dynamic throttle removed at total=57.6%
[CTRL] admission high episode 23 at total=171.7%
[CTRL] slot_A: radix done
[CTRL] slot_A: started canneal on cores=[3] threads=1
[CTRL] admission high episode 24 at total=177.4%
[CTRL] tier 2 -> 3  mem=[0, 1, 2]  slot_B=PAUSED (total=177.4% (rule >175.0))
[CTRL] slot_A dynamic throttle to 10% at total=177.4%
[CTRL] slot_A dynamic throttle removed at total=67.5%
[CTRL] tier 3 -> 2  mem=[0, 1]  slot_B=[2] (total=57.7% (rule <100.0))
[CTRL] admission high episode 25 at total=181.4%
[CTRL] tier 2 -> 3  mem=[0, 1, 2]  slot_B=PAUSED (total=181.4% (rule >175.0))
[CTRL] tier 3 -> 2  mem=[0, 1]  slot_B=[2] (total=57.9% (rule <100.0))
[CTRL] admission high episode 26 at total=172.0%
[CTRL] tier 2 -> 3  mem=[0, 1, 2]  slot_B=PAUSED (total=176.9% (rule >175.0))
[CTRL] slot_A dynamic throttle to 10% at total=176.9%
[CTRL] tier 3 -> 2  mem=[0, 1]  slot_B=[2] (total=48.2% (rule <100.0))
[CTRL] slot_A dynamic throttle removed at total=153.4%
[CTRL] admission high episode 27 at total=181.5%
[CTRL] tier 2 -> 3  mem=[0, 1, 2]  slot_B=PAUSED (total=181.5% (rule >175.0))
[CTRL] slot_A dynamic throttle to 10% at total=139.1%
[CTRL] admission high episode 28 at total=171.3%
[CTRL] slot_A dynamic throttle removed at total=48.4%
[CTRL] tier 3 -> 2  mem=[0, 1]  slot_B=[2] (total=38.4% (rule <100.0))
[CTRL] admission high episode 29 at total=170.9%
[CTRL] admission high episode 30 at total=171.4%
[CTRL] admission high episode 31 at total=190.4%
[CTRL] tier 2 -> 3  mem=[0, 1, 2]  slot_B=PAUSED (total=190.4% (rule >175.0))
[CTRL] slot_A dynamic throttle to 10% at total=190.4%
[CTRL] tier 3 -> 2  mem=[0, 1]  slot_B=[2] (total=48.3% (rule <100.0))
[CTRL] admission high episode 32 at total=170.2%
[CTRL] tier 2 -> 3  mem=[0, 1, 2]  slot_B=PAUSED (total=190.0% (rule >175.0))
[CTRL] slot_A dynamic throttle removed at total=57.9%
[CTRL] tier 3 -> 2  mem=[0, 1]  slot_B=[2] (total=67.4% (rule <100.0))
[CTRL] admission high episode 33 at total=179.7%
[CTRL] tier 2 -> 3  mem=[0, 1, 2]  slot_B=PAUSED (total=179.7% (rule >175.0))
[CTRL] slot_A dynamic throttle to 10% at total=170.0%
[CTRL] tier 3 -> 2  mem=[0, 1]  slot_B=[2] (total=38.7% (rule <100.0))
[CTRL] slot_A dynamic throttle removed at total=67.5%
[CTRL] admission high episode 34 at total=179.3%
[CTRL] tier 2 -> 3  mem=[0, 1, 2]  slot_B=PAUSED (total=179.3% (rule >175.0))
[CTRL] slot_A dynamic throttle to 10% at total=179.3%
[CTRL] admission high episode 35 at total=180.1%
[CTRL] slot_A dynamic throttle removed at total=57.9%
[CTRL] tier 3 -> 2  mem=[0, 1]  slot_B=[2] (total=76.8% (rule <100.0))
[CTRL] admission high episode 36 at total=170.6%
[CTRL] tier 2 -> 3  mem=[0, 1, 2]  slot_B=PAUSED (total=177.9% (rule >175.0))
[CTRL] slot_A dynamic throttle to 10% at total=177.9%
[CTRL] tier 3 -> 2  mem=[0, 1]  slot_B=[2] (total=86.6% (rule <100.0))
[CTRL] admission high episode 37 at total=171.4%
[CTRL] slot_A dynamic throttle removed at total=142.8%
[CTRL] admission high episode 38 at total=171.9%
[CTRL] tier 2 -> 3  mem=[0, 1, 2]  slot_B=PAUSED (total=178.9% (rule >175.0))
[CTRL] slot_A dynamic throttle to 10% at total=197.8%
[CTRL] admission high episode 39 at total=171.6%
[CTRL] admission high episode 40 at total=236.3%
[CTRL] slot_A dynamic throttle removed at total=67.4%
[CTRL] tier 3 -> 2  mem=[0, 1]  slot_B=[2] (total=48.0% (rule <100.0))
[CTRL] admission high episode 41 at total=192.0%
[CTRL] tier 2 -> 3  mem=[0, 1, 2]  slot_B=PAUSED (total=192.0% (rule >175.0))
[CTRL] slot_A dynamic throttle to 10% at total=192.0%
[CTRL] admission high episode 42 at total=189.9%
[CTRL] slot_A dynamic throttle removed at total=38.7%
[CTRL] tier 3 -> 2  mem=[0, 1]  slot_B=[2] (total=48.2% (rule <100.0))
[CTRL] admission high episode 43 at total=178.0%
[CTRL] tier 2 -> 3  mem=[0, 1, 2]  slot_B=PAUSED (total=178.0% (rule >175.0))
[CTRL] slot_A dynamic throttle to 10% at total=178.0%
[CTRL] tier 3 -> 2  mem=[0, 1]  slot_B=[2] (total=57.8% (rule <100.0))
[CTRL] slot_A dynamic throttle removed at total=76.8%
[CTRL] admission high episode 44 at total=171.5%
[CTRL] tier 2 -> 3  mem=[0, 1, 2]  slot_B=PAUSED (total=177.9% (rule >175.0))
[CTRL] slot_A dynamic throttle to 10% at total=177.9%
[CTRL] tier 3 -> 2  mem=[0, 1]  slot_B=[2] (total=86.5% (rule <100.0))
[CTRL] slot_A dynamic throttle removed at total=95.7%
[CTRL] slot_B: freqmine done
[CTRL] slot_B: started streamcluster on cores=[2] threads=2
[CTRL] admission high episode 45 at total=176.6%
[CTRL] tier 2 -> 3  mem=[0, 1, 2]  slot_B=PAUSED (total=176.6% (rule >175.0))
[CTRL] slot_A dynamic throttle to 10% at total=176.6%
[CTRL] tier 3 -> 2  mem=[0, 1]  slot_B=[2] (total=67.5% (rule <100.0))
[CTRL] slot_A dynamic throttle removed at total=57.5%
[CTRL] admission high episode 46 at total=170.2%
[CTRL] tier 2 -> 3  mem=[0, 1, 2]  slot_B=PAUSED (total=175.9% (rule >175.0))
[CTRL] slot_A dynamic throttle to 10% at total=175.9%
[CTRL] tier 3 -> 2  mem=[0, 1]  slot_B=[2] (total=48.2% (rule <100.0))
[CTRL] slot_A dynamic throttle removed at total=151.4%
[CTRL] admission high episode 47 at total=170.7%
[CTRL] tier 2 -> 3  mem=[0, 1, 2]  slot_B=PAUSED (total=183.2% (rule >175.0))
[CTRL] admission high episode 48 at total=189.1%
[CTRL] slot_A dynamic throttle to 10% at total=180.5%
[CTRL] tier 3 -> 2  mem=[0, 1]  slot_B=[2] (total=76.8% (rule <100.0))
[CTRL] admission high episode 49 at total=179.8%
[CTRL] tier 2 -> 3  mem=[0, 1, 2]  slot_B=PAUSED (total=179.8% (rule >175.0))
[CTRL] admission high episode 50 at total=172.1%
[CTRL] admission high episode 51 at total=205.2%
[CTRL] slot_A dynamic throttle removed at total=58.1%
[CTRL] tier 3 -> 2  mem=[0, 1]  slot_B=[2] (total=28.9% (rule <100.0))
[CTRL] admission high episode 52 at total=170.5%
[CTRL] tier 2 -> 3  mem=[0, 1, 2]  slot_B=PAUSED (total=178.3% (rule >175.0))
[CTRL] tier 3 -> 2  mem=[0, 1]  slot_B=[2] (total=86.2% (rule <100.0))
[CTRL] admission high episode 53 at total=182.8%
[CTRL] tier 2 -> 3  mem=[0, 1, 2]  slot_B=PAUSED (total=182.8% (rule >175.0))
[CTRL] slot_A dynamic throttle to 10% at total=182.8%
[CTRL] tier 3 -> 2  mem=[0, 1]  slot_B=[2] (total=86.7% (rule <100.0))
[CTRL] slot_A dynamic throttle removed at total=38.6%
[CTRL] admission high episode 54 at total=174.5%
[CTRL] tier 2 -> 3  mem=[0, 1, 2]  slot_B=PAUSED (total=184.7% (rule >175.0))
[CTRL] slot_A dynamic throttle to 10% at total=184.7%
[CTRL] tier 3 -> 2  mem=[0, 1]  slot_B=[2] (total=38.8% (rule <100.0))
[CTRL] slot_A dynamic throttle removed at total=104.7%
[CTRL] slot_A: canneal done
[CTRL] slot_A: started vips on cores=[3] threads=1
[CTRL] admission high episode 55 at total=170.3%
[CTRL] tier 2 -> 3  mem=[0, 1, 2]  slot_B=PAUSED (total=179.5% (rule >175.0))
[CTRL] slot_A dynamic throttle to 10% at total=179.5%
[CTRL] tier 3 -> 2  mem=[0, 1]  slot_B=[2] (total=29.1% (rule <100.0))
[CTRL] slot_A dynamic throttle removed at total=104.2%
[CTRL] admission high episode 56 at total=179.6%
[CTRL] tier 2 -> 3  mem=[0, 1, 2]  slot_B=PAUSED (total=179.6% (rule >175.0))
[CTRL] slot_A dynamic throttle to 10% at total=208.8%
[CTRL] tier 3 -> 2  mem=[0, 1]  slot_B=[2] (total=86.8% (rule <100.0))
[CTRL] admission high episode 57 at total=190.2%
[CTRL] tier 2 -> 3  mem=[0, 1, 2]  slot_B=PAUSED (total=190.2% (rule >175.0))
[CTRL] tier 3 -> 2  mem=[0, 1]  slot_B=[2] (total=57.7% (rule <100.0))
[CTRL] slot_A dynamic throttle removed at total=38.6%
[CTRL] admission high episode 58 at total=179.4%
[CTRL] tier 2 -> 3  mem=[0, 1, 2]  slot_B=PAUSED (total=179.4% (rule >175.0))
[CTRL] admission high episode 59 at total=206.0%
[CTRL] slot_A dynamic throttle to 10% at total=206.0%
[CTRL] tier 3 -> 2  mem=[0, 1]  slot_B=[2] (total=38.9% (rule <100.0))
[CTRL] slot_A dynamic throttle removed at total=95.7%
[CTRL] admission high episode 60 at total=172.0%
[CTRL] admission high episode 61 at total=178.8%
[CTRL] tier 2 -> 3  mem=[0, 1, 2]  slot_B=PAUSED (total=178.8% (rule >175.0))
[CTRL] slot_A dynamic throttle to 10% at total=178.8%
[CTRL] tier 3 -> 2  mem=[0, 1]  slot_B=[2] (total=77.1% (rule <100.0))
[CTRL] slot_A dynamic throttle removed at total=86.5%
[CTRL] admission high episode 62 at total=182.0%
[CTRL] tier 2 -> 3  mem=[0, 1, 2]  slot_B=PAUSED (total=182.0% (rule >175.0))
[CTRL] slot_A dynamic throttle to 10% at total=182.0%
[CTRL] tier 3 -> 2  mem=[0, 1]  slot_B=[2] (total=38.6% (rule <100.0))
[CTRL] slot_A dynamic throttle removed at total=29.0%
[CTRL] admission high episode 63 at total=181.5%
[CTRL] tier 2 -> 3  mem=[0, 1, 2]  slot_B=PAUSED (total=181.5% (rule >175.0))
[CTRL] tier 3 -> 2  mem=[0, 1]  slot_B=[2] (total=57.7% (rule <100.0))
[CTRL] admission high episode 64 at total=188.7%
[CTRL] tier 2 -> 3  mem=[0, 1, 2]  slot_B=PAUSED (total=188.7% (rule >175.0))
[CTRL] slot_A dynamic throttle to 10% at total=188.7%
[CTRL] tier 3 -> 2  mem=[0, 1]  slot_B=[2] (total=38.6% (rule <100.0))
[CTRL] slot_A dynamic throttle removed at total=115.0%
[CTRL] admission high episode 65 at total=177.1%
[CTRL] tier 2 -> 3  mem=[0, 1, 2]  slot_B=PAUSED (total=177.1% (rule >175.0))
[CTRL] tier 3 -> 2  mem=[0, 1]  slot_B=[2] (total=38.6% (rule <100.0))
[CTRL] admission high episode 66 at total=171.3%
[CTRL] tier 2 -> 3  mem=[0, 1, 2]  slot_B=PAUSED (total=182.8% (rule >175.0))
[CTRL] slot_A: vips done
[CTRL] tier 3 -> 2  mem=[0, 1]  slot_B=[2] (total=39.0% (rule <100.0))
[CTRL] admission high episode 67 at total=183.5%
[CTRL] tier 2 -> 3  mem=[0, 1, 2]  slot_B=PAUSED (total=183.5% (rule >175.0))
[CTRL] admission high episode 68 at total=203.6%
[CTRL] tier 3 -> 2  mem=[0, 1]  slot_B=[2] (total=58.5% (rule <100.0))
[CTRL] admission high episode 69 at total=193.5%
[CTRL] tier 2 -> 3  mem=[0, 1, 2]  slot_B=PAUSED (total=193.5% (rule >175.0))
[CTRL] admission high episode 70 at total=202.9%
[CTRL] tier 3 -> 2  mem=[0, 1]  slot_B=[2] (total=87.8% (rule <100.0))
[CTRL] admission high episode 71 at total=174.6%
[CTRL] tier 2 -> 3  mem=[0, 1, 2]  slot_B=PAUSED (total=184.1% (rule >175.0))
[CTRL] tier 3 -> 2  mem=[0, 1]  slot_B=[2] (total=39.0% (rule <100.0))
[CTRL] admission high episode 72 at total=183.7%
[CTRL] tier 2 -> 3  mem=[0, 1, 2]  slot_B=PAUSED (total=183.7% (rule >175.0))
[CTRL] tier 3 -> 2  mem=[0, 1]  slot_B=[2] (total=97.0% (rule <100.0))
[CTRL] admission high episode 73 at total=191.8%
[CTRL] tier 2 -> 3  mem=[0, 1, 2]  slot_B=PAUSED (total=191.8% (rule >175.0))
[CTRL] tier 3 -> 2  mem=[0, 1]  slot_B=[2] (total=87.9% (rule <100.0))
[CTRL] admission high episode 74 at total=183.2%
[CTRL] tier 2 -> 3  mem=[0, 1, 2]  slot_B=PAUSED (total=183.2% (rule >175.0))
[CTRL] admission high episode 75 at total=193.5%
[CTRL] tier 3 -> 2  mem=[0, 1]  slot_B=[2] (total=68.3% (rule <100.0))
[CTRL] admission high episode 76 at total=192.7%
[CTRL] tier 2 -> 3  mem=[0, 1, 2]  slot_B=PAUSED (total=192.7% (rule >175.0))
[CTRL] tier 3 -> 2  mem=[0, 1]  slot_B=[2] (total=77.9% (rule <100.0))
[CTRL] admission high episode 77 at total=183.7%
[CTRL] tier 2 -> 3  mem=[0, 1, 2]  slot_B=PAUSED (total=183.7% (rule >175.0))
[CTRL] tier 3 -> 2  mem=[0, 1]  slot_B=[2] (total=87.5% (rule <100.0))
[CTRL] admission high episode 78 at total=174.5%
[CTRL] admission high episode 79 at total=174.5%
[CTRL] tier 2 -> 3  mem=[0, 1, 2]  slot_B=PAUSED (total=192.9% (rule >175.0))
[CTRL] tier 3 -> 2  mem=[0, 1]  slot_B=[2] (total=97.7% (rule <100.0))
[CTRL] admission high episode 80 at total=193.0%
[CTRL] tier 2 -> 3  mem=[0, 1, 2]  slot_B=PAUSED (total=193.0% (rule >175.0))
[CTRL] tier 3 -> 2  mem=[0, 1]  slot_B=[2] (total=19.6% (rule <100.0))
[CTRL] admission high episode 81 at total=174.4%
[CTRL] tier 2 -> 3  mem=[0, 1, 2]  slot_B=PAUSED (total=183.8% (rule >175.0))
[CTRL] tier 3 -> 2  mem=[0, 1]  slot_B=[2] (total=48.9% (rule <100.0))
[CTRL] admission high episode 82 at total=184.2%
[CTRL] tier 2 -> 3  mem=[0, 1, 2]  slot_B=PAUSED (total=184.2% (rule >175.0))
[CTRL] tier 3 -> 2  mem=[0, 1]  slot_B=[2] (total=78.2% (rule <100.0))
[CTRL] admission high episode 83 at total=202.5%
[CTRL] tier 2 -> 3  mem=[0, 1, 2]  slot_B=PAUSED (total=202.5% (rule >175.0))
[CTRL] tier 3 -> 2  mem=[0, 1]  slot_B=[2] (total=87.6% (rule <100.0))
[CTRL] admission high episode 84 at total=174.3%
[CTRL] tier 2 -> 3  mem=[0, 1, 2]  slot_B=PAUSED (total=183.6% (rule >175.0))
[CTRL] tier 3 -> 2  mem=[0, 1]  slot_B=[2] (total=29.3% (rule <100.0))
[CTRL] admission high episode 85 at total=183.1%
[CTRL] tier 2 -> 3  mem=[0, 1, 2]  slot_B=PAUSED (total=183.1% (rule >175.0))
[CTRL] admission high episode 86 at total=231.6%
[CTRL] tier 3 -> 2  mem=[0, 1]  slot_B=[2] (total=39.1% (rule <100.0))
[CTRL] admission high episode 87 at total=183.4%
[CTRL] tier 2 -> 3  mem=[0, 1, 2]  slot_B=PAUSED (total=183.4% (rule >175.0))
[CTRL] tier 3 -> 2  mem=[0, 1]  slot_B=[2] (total=9.8% (rule <100.0))
[CTRL] admission high episode 88 at total=183.5%
[CTRL] tier 2 -> 3  mem=[0, 1, 2]  slot_B=PAUSED (total=183.5% (rule >175.0))
[CTRL] tier 3 -> 2  mem=[0, 1]  slot_B=[2] (total=78.1% (rule <100.0))
[CTRL] admission high episode 89 at total=174.4%
[CTRL] tier 2 -> 3  mem=[0, 1, 2]  slot_B=PAUSED (total=182.9% (rule >175.0))
[CTRL] tier 3 -> 2  mem=[0, 1]  slot_B=[2] (total=68.2% (rule <100.0))
[CTRL] admission high episode 90 at total=173.6%
[CTRL] tier 2 -> 3  mem=[0, 1, 2]  slot_B=PAUSED (total=193.1% (rule >175.0))
[CTRL] tier 3 -> 2  mem=[0, 1]  slot_B=[2] (total=49.0% (rule <100.0))
[CTRL] admission high episode 91 at total=193.1%
[CTRL] tier 2 -> 3  mem=[0, 1, 2]  slot_B=PAUSED (total=193.1% (rule >175.0))
[CTRL] admission high episode 92 at total=241.2%
[CTRL] tier 3 -> 2  mem=[0, 1]  slot_B=[2] (total=87.8% (rule <100.0))
[CTRL] admission high episode 93 at total=183.6%
[CTRL] tier 2 -> 3  mem=[0, 1, 2]  slot_B=PAUSED (total=183.6% (rule >175.0))
[CTRL] admission high episode 94 at total=213.0%
[CTRL] tier 3 -> 2  mem=[0, 1]  slot_B=[2] (total=68.3% (rule <100.0))
[CTRL] admission high episode 95 at total=174.3%
[CTRL] tier 2 -> 3  mem=[0, 1, 2]  slot_B=PAUSED (total=182.8% (rule >175.0))
[CTRL] admission high episode 96 at total=211.9%
[CTRL] admission high episode 97 at total=183.2%
[CTRL] tier 3 -> 2  mem=[0, 1]  slot_B=[2] (total=68.5% (rule <100.0))
[CTRL] admission high episode 98 at total=174.2%
[CTRL] tier 2 -> 3  mem=[0, 1, 2]  slot_B=PAUSED (total=182.9% (rule >175.0))
[CTRL] tier 3 -> 2  mem=[0, 1]  slot_B=[2] (total=19.6% (rule <100.0))
[CTRL] admission high episode 99 at total=202.0%
[CTRL] tier 2 -> 3  mem=[0, 1, 2]  slot_B=PAUSED (total=202.0% (rule >175.0))
[CTRL] admission high episode 100 at total=174.6%
[CTRL] tier 3 -> 2  mem=[0, 1]  slot_B=[2] (total=48.8% (rule <100.0))
[CTRL] admission high episode 101 at total=173.7%
[CTRL] tier 2 -> 3  mem=[0, 1, 2]  slot_B=PAUSED (total=184.2% (rule >175.0))
[CTRL] tier 3 -> 2  mem=[0, 1]  slot_B=[2] (total=68.2% (rule <100.0))
[CTRL] admission high episode 102 at total=201.6%
[CTRL] tier 2 -> 3  mem=[0, 1, 2]  slot_B=PAUSED (total=201.6% (rule >175.0))
[CTRL] tier 3 -> 2  mem=[0, 1]  slot_B=[2] (total=48.9% (rule <100.0))
[CTRL] admission high episode 103 at total=173.9%
[CTRL] tier 2 -> 3  mem=[0, 1, 2]  slot_B=PAUSED (total=183.7% (rule >175.0))
[CTRL] tier 3 -> 2  mem=[0, 1]  slot_B=[2] (total=58.6% (rule <100.0))
[CTRL] admission high episode 104 at total=174.3%
[CTRL] tier 2 -> 3  mem=[0, 1, 2]  slot_B=PAUSED (total=187.3% (rule >175.0))
[CTRL] tier 3 -> 2  mem=[0, 1]  slot_B=[2] (total=97.7% (rule <100.0))
[CTRL] admission high episode 105 at total=174.6%
[CTRL] slot_B: streamcluster done
[CTRL] All batch jobs done.
[CTRL] memcached restored to [0, 1, 2, 3]
[CTRL] log -> log20260516_164131.txt
[CTRL] cpu log -> /home/ubuntu/cpu_log_20260516_164131.csv
