[CTRL] Process nice priority: 0 -> -20
[CTRL] Policy: bounded_total_hybrid  (TOTAL-CPU mode | hysteresis=5iters | poll=0.1s slot_check=0.1s | init_tier=3 min_tier=2 cap_tier=3 | thresholds={2: [(3, '>', 80.0)], 3: [(2, '<', 30.0)]} | shrink_confirm=60iters | slot_A_delay=0.0s slot_B_delay=0.0s | slot_A_guard=0.0/0.0 | slot_A_dyn_throttle=15% 150.0/110.0)
[CTRL] memcached PID=25653
[CTRL] memcached pinned to [0, 1, 2] (tier 3)
[CTRL] slot_A: started blackscholes on cores=[3] threads=1
[CTRL] slot_A dynamic throttle to 15% at total=165.1%
[CTRL] slot_A dynamic throttle removed at total=77.8%
[CTRL] slot_A dynamic throttle to 15% at total=164.2%
[CTRL] slot_A dynamic throttle removed at total=77.9%
[CTRL] slot_A dynamic throttle to 15% at total=203.4%
[CTRL] slot_A dynamic throttle removed at total=29.4%
[CTRL] slot_A dynamic throttle to 15% at total=155.0%
[CTRL] slot_A dynamic throttle removed at total=19.6%
[CTRL] slot_A dynamic throttle to 15% at total=202.9%
[CTRL] slot_A dynamic throttle removed at total=78.3%
[CTRL] slot_A dynamic throttle to 15% at total=165.5%
[CTRL] slot_A dynamic throttle removed at total=106.7%
[CTRL] slot_A dynamic throttle to 15% at total=173.7%
[CTRL] slot_A dynamic throttle removed at total=87.6%
[CTRL] slot_A dynamic throttle to 15% at total=165.2%
[CTRL] slot_A dynamic throttle removed at total=87.5%
[CTRL] slot_A dynamic throttle to 15% at total=164.0%
[CTRL] slot_A dynamic throttle removed at total=107.0%
[CTRL] slot_A dynamic throttle to 15% at total=165.2%
[CTRL] slot_A dynamic throttle removed at total=97.2%
[CTRL] slot_A dynamic throttle to 15% at total=156.0%
[CTRL] slot_A dynamic throttle removed at total=106.6%
[CTRL] slot_A dynamic throttle to 15% at total=211.3%
[CTRL] slot_A dynamic throttle removed at total=19.6%
[CTRL] slot_A: blackscholes done
[CTRL] slot_A: started barnes on cores=[3] threads=1
[CTRL] tier 3 → 2  mem=[0, 1]  slot_B=[2] (total=0.0% (rule <30.0))
[CTRL] slot_B: started freqmine on cores=[2] threads=2
