[CTRL] Process nice priority: 0 -> -20
[CTRL] stress situation classifier armed, memcached pinned to [0, 1, 2]
[CTRL] stress situation: active load seen total=10.3%
[CTRL] stress situation: change 1 at total=63.6%
[CTRL] stress situation: change 2 at total=107.2%
[CTRL] stress situation=False reason=median_change_s=15.02, exec policy=core_fast
[CTRL] Process nice priority: -20 -> -20
[CTRL] memcached PID=255151
[CTRL] Policy: core_fast, inspiration one-job-per-free-core mode
[CTRL] fast started freqmine on core=3 threads=1
[CTRL] fast tier -> mem=[0] total=107.6%
[CTRL] fast started canneal on core=1 threads=1
[CTRL] fast started barnes on core=2 threads=1
[CTRL] fast tier -> mem=[0, 1] total=85.9%
[CTRL] fast tier -> mem=[0] total=91.9%
[CTRL] fast tier -> mem=[0, 1] total=81.9%
[CTRL] fast tier -> mem=[0] total=91.9%
[CTRL] fast tier -> mem=[0, 1] total=97.9%
[CTRL] fast tier -> mem=[0, 1, 2] total=197.8%
[CTRL] fast tier -> mem=[0, 1] total=147.9%
[CTRL] fast tier -> mem=[0] total=93.9%
[CTRL] fast tier -> mem=[0, 1] total=81.9%
[CTRL] fast tier -> mem=[0] total=89.9%
[CTRL] fast tier -> mem=[0, 1] total=84.0%
[CTRL] fast tier -> mem=[0] total=77.9%
[CTRL] fast tier -> mem=[0, 1] total=97.9%
[CTRL] fast tier -> mem=[0, 1, 2] total=195.9%
[CTRL] fast tier -> mem=[0] total=107.9%
[CTRL] fast tier -> mem=[0, 1] total=97.9%
[CTRL] fast tier -> mem=[0] total=26.0%
[CTRL] fast tier -> mem=[0, 1] total=97.9%
[CTRL] fast tier -> mem=[0, 1, 2] total=183.9%
[CTRL] fast tier -> mem=[0] total=32.0%
[CTRL] fast started vips on core=2 threads=1
[CTRL] fast tier -> mem=[0, 1] total=97.9%
[CTRL] fast tier -> mem=[0] total=93.9%
[CTRL] fast tier -> mem=[0, 1] total=87.9%
[CTRL] fast tier -> mem=[0] total=91.9%
[CTRL] fast tier -> mem=[0, 1] total=85.9%
[CTRL] fast tier -> mem=[0] total=93.9%
[CTRL] fast tier -> mem=[0, 1] total=83.9%
[CTRL] fast tier -> mem=[0] total=44.0%
[CTRL] fast tier -> mem=[0, 1] total=97.8%
[CTRL] pause vips failed: 409 Client Error for http+docker://localhost/v1.54/containers/bd127ef575456cb68184fd13f33773de18c7a6c1a78b262808e5859ad050f1ec/pause: Conflict ("container bd127ef575456cb68184fd13f33773de18c7a6c1a78b262808e5859ad050f1ec is not running")
[CTRL] fast tier -> mem=[0, 1, 2] total=189.3%
[CTRL] fast tier -> mem=[0, 1] total=145.9%
[CTRL] fast started blackscholes on core=2 threads=1
[CTRL] fast tier -> mem=[0] total=66.0%
[CTRL] fast tier -> mem=[0, 1] total=94.0%
[CTRL] fast tier -> mem=[0] total=91.9%
[CTRL] fast tier -> mem=[0, 1] total=81.9%
[CTRL] fast tier -> mem=[0] total=70.0%
[CTRL] fast tier -> mem=[0, 1] total=97.8%
[CTRL] fast tier -> mem=[0] total=72.0%
[CTRL] fast started radix on core=2 threads=1
[CTRL] fast tier -> mem=[0, 1] total=82.0%
[CTRL] fast tier -> mem=[0] total=93.9%
[CTRL] fast tier -> mem=[0, 1] total=81.9%
[CTRL] fast tier -> mem=[0] total=91.9%
[CTRL] fast started streamcluster on core=1 threads=3
[CTRL] fast tier -> mem=[0, 1] total=81.9%
[CTRL] fast tier -> mem=[0] total=34.0%
[CTRL] fast expanded streamcluster to [1, 2]
[CTRL] fast tier -> mem=[0, 1] total=97.9%
[CTRL] fast tier -> mem=[0, 1, 2] total=175.9%
[CTRL] fast tier -> mem=[0, 1] total=163.9%
[CTRL] fast tier -> mem=[0] total=74.0%
[CTRL] fast expanded streamcluster to [1, 2]
[CTRL] fast expanded streamcluster to [1, 2, 3]
[CTRL] fast tier -> mem=[0, 1] total=99.9%
[CTRL] fast tier -> mem=[0, 1, 2] total=163.7%
[CTRL] fast tier -> mem=[0, 1] total=141.9%
[CTRL] fast expanded streamcluster to [2, 3]
[CTRL] fast tier -> mem=[0] total=93.9%
[CTRL] fast expanded streamcluster to [1, 2, 3]
[CTRL] fast tier -> mem=[0, 1] total=83.9%
[CTRL] fast tier -> mem=[0] total=87.9%
[CTRL] fast expanded streamcluster to [1, 2, 3]
[CTRL] fast tier -> mem=[0, 1] total=87.9%
[CTRL] fast tier -> mem=[0] total=88.0%
[CTRL] fast expanded streamcluster to [1, 2, 3]
[CTRL] fast tier -> mem=[0, 1] total=83.9%
[CTRL] fast tier -> mem=[0] total=93.9%
[CTRL] fast expanded streamcluster to [1, 2, 3]
[CTRL] fast tier -> mem=[0, 1] total=81.9%
[CTRL] fast tier -> mem=[0] total=93.9%
[CTRL] fast expanded streamcluster to [1, 2, 3]
[CTRL] fast tier -> mem=[0, 1] total=83.9%
[CTRL] fast tier -> mem=[0] total=93.9%
[CTRL] fast expanded streamcluster to [1, 2, 3]
[CTRL] fast tier -> mem=[0, 1] total=85.9%
[CTRL] fast tier -> mem=[0, 1, 2] total=165.8%
[CTRL] fast tier -> mem=[0] total=16.0%
[CTRL] fast expanded streamcluster to [1, 3]
[CTRL] fast expanded streamcluster to [1, 2, 3]
[CTRL] All batch jobs done.
[CTRL] memcached restored to [0, 1, 2, 3]
[CTRL] log -> log20260516_135540.txt
[CTRL] cpu log -> /home/ubuntu/cpu_log_20260516_135540.csv
