[CTRL] Process nice priority: 0 -> -20
[CTRL] stress situation classifier armed, memcached pinned to [0, 1, 2]
[CTRL] stress situation: active load seen total=10.3%
[CTRL] stress situation: change 1 at total=68.5%
[CTRL] stress situation: change 2 at total=108.5%
[CTRL] stress situation=False reason=median_change_s=15.02, exec policy=core_fast
[CTRL] Process nice priority: -20 -> -20
[CTRL] memcached PID=233357
[CTRL] Policy: core_fast, inspiration one-job-per-free-core mode
[CTRL] fast started freqmine on core=3 threads=1
[CTRL] fast tier -> mem=[0] total=109.2%
[CTRL] fast started canneal on core=1 threads=1
[CTRL] fast started barnes on core=2 threads=1
[CTRL] fast tier -> mem=[0, 1] total=87.9%
[CTRL] fast tier -> mem=[0] total=91.9%
[CTRL] fast tier -> mem=[0, 1] total=85.9%
[CTRL] fast tier -> mem=[0, 1, 2] total=173.9%
[CTRL] fast tier -> mem=[0, 1] total=129.9%
[CTRL] fast tier -> mem=[0] total=75.9%
[CTRL] fast tier -> mem=[0, 1] total=85.9%
[CTRL] fast tier -> mem=[0] total=93.9%
[CTRL] fast tier -> mem=[0, 1] total=87.9%
[CTRL] fast tier -> mem=[0] total=93.9%
[CTRL] fast tier -> mem=[0, 1] total=85.9%
[CTRL] fast tier -> mem=[0] total=70.0%
[CTRL] fast tier -> mem=[0, 1] total=99.9%
[CTRL] fast tier -> mem=[0, 1, 2] total=197.9%
[CTRL] fast tier -> mem=[0] total=119.9%
[CTRL] fast tier -> mem=[0, 1] total=95.9%
[CTRL] fast tier -> mem=[0] total=28.0%
[CTRL] fast tier -> mem=[0, 1] total=99.9%
[CTRL] fast tier -> mem=[0, 1, 2] total=197.8%
[CTRL] fast tier -> mem=[0] total=26.0%
[CTRL] fast started vips on core=2 threads=1
[CTRL] fast tier -> mem=[0, 1] total=97.9%
[CTRL] fast tier -> mem=[0, 1, 2] total=179.9%
[CTRL] fast tier -> mem=[0, 1] total=165.9%
[CTRL] fast tier -> mem=[0, 1, 2] total=163.9%
[CTRL] fast tier -> mem=[0, 1] total=167.9%
[CTRL] fast tier -> mem=[0] total=42.0%
[CTRL] fast tier -> mem=[0, 1] total=87.9%
[CTRL] fast tier -> mem=[0] total=87.6%
[CTRL] fast tier -> mem=[0, 1] total=81.9%
[CTRL] fast tier -> mem=[0, 1, 2] total=193.8%
[CTRL] fast tier -> mem=[0] total=70.0%
[CTRL] fast started blackscholes on core=2 threads=1
[CTRL] fast tier -> mem=[0, 1] total=84.0%
[CTRL] fast tier -> mem=[0] total=91.9%
[CTRL] fast tier -> mem=[0, 1] total=81.9%
[CTRL] fast tier -> mem=[0] total=93.9%
[CTRL] fast tier -> mem=[0, 1] total=81.9%
[CTRL] fast tier -> mem=[0] total=89.9%
[CTRL] fast tier -> mem=[0, 1] total=83.9%
[CTRL] fast tier -> mem=[0] total=68.0%
[CTRL] fast tier -> mem=[0, 1] total=89.9%
[CTRL] fast tier -> mem=[0] total=84.0%
[CTRL] fast started radix on core=2 threads=1
[CTRL] fast tier -> mem=[0, 1] total=82.0%
[CTRL] fast tier -> mem=[0] total=91.9%
[CTRL] fast tier -> mem=[0, 1] total=85.9%
[CTRL] fast tier -> mem=[0] total=93.9%
[CTRL] fast tier -> mem=[0, 1] total=83.9%
[CTRL] fast tier -> mem=[0] total=93.9%
[CTRL] fast started streamcluster on core=2 threads=3
[CTRL] fast expanded streamcluster to [1, 2]
[CTRL] fast tier -> mem=[0, 1] total=89.9%
[CTRL] fast tier -> mem=[0, 1, 2] total=163.8%
[CTRL] fast tier -> mem=[0, 1] total=163.9%
[CTRL] fast tier -> mem=[0, 1, 2] total=161.8%
[CTRL] fast tier -> mem=[0, 1] total=163.8%
[CTRL] fast tier -> mem=[0, 1, 2] total=169.9%
[CTRL] fast tier -> mem=[0, 1] total=167.9%
[CTRL] fast tier -> mem=[0, 1, 2] total=167.9%
[CTRL] fast tier -> mem=[0, 1] total=163.9%
[CTRL] fast tier -> mem=[0, 1, 2] total=161.8%
[CTRL] fast tier -> mem=[0, 1] total=163.9%
[CTRL] fast tier -> mem=[0] total=81.9%
[CTRL] fast expanded streamcluster to [1, 2]
[CTRL] fast expanded streamcluster to [1, 2, 3]
[CTRL] fast tier -> mem=[0, 1] total=99.9%
[CTRL] fast tier -> mem=[0, 1, 2] total=167.9%
[CTRL] fast tier -> mem=[0] total=123.9%
[CTRL] fast expanded streamcluster to [1, 3]
[CTRL] fast expanded streamcluster to [1, 2, 3]
[CTRL] fast tier -> mem=[0, 1] total=87.9%
[CTRL] fast tier -> mem=[0] total=56.0%
[CTRL] fast expanded streamcluster to [1, 2, 3]
[CTRL] fast tier -> mem=[0, 1] total=99.9%
[CTRL] fast tier -> mem=[0] total=91.9%
[CTRL] fast expanded streamcluster to [1, 2, 3]
[CTRL] fast tier -> mem=[0, 1] total=81.9%
[CTRL] fast tier -> mem=[0] total=93.9%
[CTRL] fast expanded streamcluster to [1, 2, 3]
[CTRL] fast tier -> mem=[0, 1] total=85.9%
[CTRL] fast tier -> mem=[0] total=83.9%
[CTRL] fast expanded streamcluster to [1, 2, 3]
[CTRL] fast tier -> mem=[0, 1] total=95.9%
[CTRL] fast tier -> mem=[0, 1, 2] total=183.8%
[CTRL] All batch jobs done.
[CTRL] memcached restored to [0, 1, 2, 3]
[CTRL] log -> log20260516_122316.txt
[CTRL] cpu log -> /home/ubuntu/cpu_log_20260516_122316.csv
