[CTRL] Policy: smart_fast  (expand>60.0% up_dwell=0.1s | shrink<20.0% down_dwell=3.0s | panic>88.0% | poll=0.1s init_tier=1 cap_tier=3 lock=False)
[CTRL] memcached PID=36979
[CTRL] memcached pinned to [0] (tier 1)
[CTRL] slot_A: started canneal on cores=[3] threads=1
[CTRL] slot_B: started freqmine on cores=[1, 2] threads=2
[CTRL] tier 1 → 2  mem=[0, 1]  slot_B=[2] (cpu/core=86.8%)
[CTRL] tier 2 → 3  mem=[0, 1, 2]  slot_B=PAUSED (cpu/core=62.9%)
[CTRL] tier 3 → 2  mem=[0, 1]  slot_B=[2] (cpu/core=18.6%)
[CTRL] tier 2 → 3  mem=[0, 1, 2]  slot_B=PAUSED (cpu/core=62.0%)
[CTRL] tier 3 → 2  mem=[0, 1]  slot_B=[2] (cpu/core=18.6%)
[CTRL] tier 2 → 1  mem=[0]  slot_B=[1, 2] (cpu/core=9.6%)
[CTRL] tier 1 → 2  mem=[0, 1]  slot_B=[2] (cpu/core=83.7%)
[CTRL] tier 2 → 3  mem=[0, 1, 2]  slot_B=PAUSED (cpu/core=62.4%)
[CTRL] tier 3 → 2  mem=[0, 1]  slot_B=[2] (cpu/core=6.4%)
[CTRL] tier 2 → 1  mem=[0]  slot_B=[1, 2] (cpu/core=9.3%)
[CTRL] tier 1 → 2  mem=[0, 1]  slot_B=[2] (cpu/core=66.4%)
[CTRL] tier 2 → 1  mem=[0]  slot_B=[1, 2] (cpu/core=19.2%)
[CTRL] tier 1 → 2  mem=[0, 1]  slot_B=[2] (cpu/core=82.3%)
[CTRL] tier 2 → 3  mem=[0, 1, 2]  slot_B=PAUSED (cpu/core=62.2%)
[CTRL] tier 3 → 2  mem=[0, 1]  slot_B=[2] (cpu/core=19.2%)
[CTRL] tier 2 → 1  mem=[0]  slot_B=[1, 2] (cpu/core=13.8%)
[CTRL] tier 1 → 3  mem=[0, 1, 2]  slot_B=PAUSED (PANIC cpu/core=96.9%)
[CTRL] tier 3 → 2  mem=[0, 1]  slot_B=[2] (cpu/core=12.8%)
[CTRL] tier 2 → 1  mem=[0]  slot_B=[1, 2] (cpu/core=4.8%)
[CTRL] tier 1 → 2  mem=[0, 1]  slot_B=[2] (cpu/core=86.2%)
[CTRL] tier 2 → 1  mem=[0]  slot_B=[1, 2] (cpu/core=13.9%)
[CTRL] tier 1 → 2  mem=[0, 1]  slot_B=[2] (cpu/core=85.9%)
[CTRL] tier 2 → 3  mem=[0, 1, 2]  slot_B=PAUSED (cpu/core=62.7%)
[CTRL] tier 3 → 2  mem=[0, 1]  slot_B=[2] (cpu/core=16.0%)
[CTRL] tier 2 → 3  mem=[0, 1, 2]  slot_B=PAUSED (cpu/core=62.7%)
[CTRL] tier 3 → 2  mem=[0, 1]  slot_B=[2] (cpu/core=19.2%)
[CTRL] tier 2 → 3  mem=[0, 1, 2]  slot_B=PAUSED (cpu/core=60.8%)
[CTRL] tier 3 → 2  mem=[0, 1]  slot_B=[2] (cpu/core=19.1%)
[CTRL] tier 2 → 1  mem=[0]  slot_B=[1, 2] (cpu/core=14.0%)
[CTRL] tier 1 → 2  mem=[0, 1]  slot_B=[2] (cpu/core=67.3%)
[CTRL] tier 2 → 3  mem=[0, 1, 2]  slot_B=PAUSED (cpu/core=75.8%)
[CTRL] tier 3 → 2  mem=[0, 1]  slot_B=[2] (cpu/core=19.1%)
[CTRL] tier 2 → 1  mem=[0]  slot_B=[1, 2] (cpu/core=19.2%)
[CTRL] tier 1 → 2  mem=[0, 1]  slot_B=[2] (cpu/core=76.5%)
[CTRL] tier 2 → 3  mem=[0, 1, 2]  slot_B=PAUSED (cpu/core=61.9%)
[CTRL] tier 3 → 2  mem=[0, 1]  slot_B=[2] (cpu/core=12.1%)
[CTRL] tier 2 → 1  mem=[0]  slot_B=[1, 2] (cpu/core=19.2%)
[CTRL] tier 1 → 2  mem=[0, 1]  slot_B=[2] (cpu/core=73.1%)
[CTRL] tier 2 → 3  mem=[0, 1, 2]  slot_B=PAUSED (cpu/core=61.4%)
[CTRL] tier 3 → 2  mem=[0, 1]  slot_B=[2] (cpu/core=19.0%)
[CTRL] tier 2 → 3  mem=[0, 1, 2]  slot_B=PAUSED (cpu/core=60.9%)
[CTRL] tier 3 → 2  mem=[0, 1]  slot_B=[2] (cpu/core=6.4%)
[CTRL] tier 2 → 1  mem=[0]  slot_B=[1, 2] (cpu/core=4.8%)
