[CTRL] Process nice priority: 0 -> -20
[CTRL] Policy: bounded_total_gate_slotb  (TOTAL-CPU mode | hysteresis=5iters | poll=0.1s slot_check=0.1s | init_tier=3 min_tier=2 cap_tier=3 | thresholds={2: [(3, '>', 80.0)], 3: [(2, '<', 100.0)]} | shrink_confirm=20iters | startup_tier_lock=0.0s | slot_A_delay=0.0s slot_B_delay=0.0s | slot_A_guard=0.0/0.0 hold=0.0s confirm=1 | slot_A_dyn_throttle=10% 135.0/85.0 | admission_episode=170.0/130.0 A=2eps/120.0%/10iters/10.0s B=0eps/0.0%/1iters/0.0s)
[CTRL] memcached PID=56005
[CTRL] memcached pinned to [0, 1, 2] (tier 3)
[CTRL] tier 3 -> 2  mem=[0, 1]  slot_B=[2] (total=0.0% (rule <100.0))
[CTRL] slot_B: started freqmine on cores=[2] threads=2
[CTRL] tier 2 -> 3  mem=[0, 1, 2]  slot_B=PAUSED (total=97.5% (rule >80.0))
[CTRL] admission high episode 1 at total=174.2%
[CTRL] tier 3 -> 2  mem=[0, 1]  slot_B=[2] (total=97.5% (rule <100.0))
[CTRL] tier 2 -> 3  mem=[0, 1, 2]  slot_B=PAUSED (total=87.6% (rule >80.0))
[CTRL] tier 3 -> 2  mem=[0, 1]  slot_B=[2] (total=87.7% (rule <100.0))
[CTRL] tier 2 -> 3  mem=[0, 1, 2]  slot_B=PAUSED (total=87.6% (rule >80.0))
[CTRL] tier 3 -> 2  mem=[0, 1]  slot_B=[2] (total=87.9% (rule <100.0))
[CTRL] tier 2 -> 3  mem=[0, 1, 2]  slot_B=PAUSED (total=87.6% (rule >80.0))
[CTRL] tier 3 -> 2  mem=[0, 1]  slot_B=[2] (total=78.0% (rule <100.0))
[CTRL] tier 2 -> 3  mem=[0, 1, 2]  slot_B=PAUSED (total=87.6% (rule >80.0))
[CTRL] tier 3 -> 2  mem=[0, 1]  slot_B=[2] (total=78.0% (rule <100.0))
[CTRL] tier 2 -> 3  mem=[0, 1, 2]  slot_B=PAUSED (total=87.6% (rule >80.0))
[CTRL] tier 3 -> 2  mem=[0, 1]  slot_B=[2] (total=78.0% (rule <100.0))
[CTRL] tier 2 -> 3  mem=[0, 1, 2]  slot_B=PAUSED (total=87.7% (rule >80.0))
[CTRL] admission high episode 2 at total=212.9%
[CTRL] tier 3 -> 2  mem=[0, 1]  slot_B=[2] (total=78.0% (rule <100.0))
[CTRL] tier 2 -> 3  mem=[0, 1, 2]  slot_B=PAUSED (total=87.9% (rule >80.0))
[CTRL] tier 3 -> 2  mem=[0, 1]  slot_B=[2] (total=87.8% (rule <100.0))
[CTRL] slot_A: started blackscholes on cores=[3] threads=1
[CTRL] tier 2 -> 3  mem=[0, 1, 2]  slot_B=PAUSED (total=86.3% (rule >80.0))
[CTRL] tier 3 -> 2  mem=[0, 1]  slot_B=[2] (total=77.0% (rule <100.0))
[CTRL] tier 2 -> 3  mem=[0, 1, 2]  slot_B=PAUSED (total=124.6% (rule >80.0))
[CTRL] slot_A dynamic throttle to 10% at total=142.2%
[CTRL] slot_A dynamic throttle removed at total=38.8%
[CTRL] tier 3 -> 2  mem=[0, 1]  slot_B=[2] (total=29.0% (rule <100.0))
[CTRL] tier 2 -> 3  mem=[0, 1, 2]  slot_B=PAUSED (total=85.1% (rule >80.0))
[CTRL] tier 3 -> 2  mem=[0, 1]  slot_B=[2] (total=94.8% (rule <100.0))
[CTRL] tier 2 -> 3  mem=[0, 1, 2]  slot_B=PAUSED (total=85.6% (rule >80.0))
[CTRL] tier 3 -> 2  mem=[0, 1]  slot_B=[2] (total=86.0% (rule <100.0))
[CTRL] tier 2 -> 3  mem=[0, 1, 2]  slot_B=PAUSED (total=85.8% (rule >80.0))
[CTRL] tier 3 -> 2  mem=[0, 1]  slot_B=[2] (total=77.2% (rule <100.0))
[CTRL] tier 2 -> 3  mem=[0, 1, 2]  slot_B=PAUSED (total=85.7% (rule >80.0))
[CTRL] tier 3 -> 2  mem=[0, 1]  slot_B=[2] (total=76.6% (rule <100.0))
[CTRL] tier 2 -> 3  mem=[0, 1, 2]  slot_B=PAUSED (total=85.9% (rule >80.0))
[CTRL] tier 3 -> 2  mem=[0, 1]  slot_B=[2] (total=38.6% (rule <100.0))
[CTRL] tier 2 -> 3  mem=[0, 1, 2]  slot_B=PAUSED (total=121.3% (rule >80.0))
[CTRL] admission high episode 3 at total=187.7%
[CTRL] slot_A dynamic throttle to 10% at total=187.7%
[CTRL] slot_A dynamic throttle removed at total=19.3%
[CTRL] tier 3 -> 2  mem=[0, 1]  slot_B=[2] (total=38.7% (rule <100.0))
[CTRL] slot_A: blackscholes done
[CTRL] slot_A: started barnes on cores=[3] threads=1
[CTRL] tier 2 -> 3  mem=[0, 1, 2]  slot_B=PAUSED (total=156.5% (rule >80.0))
[CTRL] slot_A dynamic throttle to 10% at total=156.5%
[CTRL] admission high episode 4 at total=172.6%
[CTRL] slot_A dynamic throttle removed at total=19.4%
[CTRL] tier 3 -> 2  mem=[0, 1]  slot_B=[2] (total=19.4% (rule <100.0))
[CTRL] tier 2 -> 3  mem=[0, 1, 2]  slot_B=PAUSED (total=103.9% (rule >80.0))
[CTRL] tier 3 -> 2  mem=[0, 1]  slot_B=[2] (total=47.9% (rule <100.0))
[CTRL] tier 2 -> 3  mem=[0, 1, 2]  slot_B=PAUSED (total=94.6% (rule >80.0))
[CTRL] admission high episode 5 at total=178.7%
[CTRL] slot_A dynamic throttle to 10% at total=178.7%
[CTRL] slot_A dynamic throttle removed at total=57.5%
[CTRL] tier 3 -> 2  mem=[0, 1]  slot_B=[2] (total=67.6% (rule <100.0))
[CTRL] tier 2 -> 3  mem=[0, 1, 2]  slot_B=PAUSED (total=132.2% (rule >80.0))
[CTRL] slot_A dynamic throttle to 10% at total=136.7%
[CTRL] slot_A dynamic throttle removed at total=77.1%
[CTRL] tier 3 -> 2  mem=[0, 1]  slot_B=[2] (total=76.9% (rule <100.0))
[CTRL] tier 2 -> 3  mem=[0, 1, 2]  slot_B=PAUSED (total=86.0% (rule >80.0))
[CTRL] tier 3 -> 2  mem=[0, 1]  slot_B=[2] (total=77.0% (rule <100.0))
[CTRL] tier 2 -> 3  mem=[0, 1, 2]  slot_B=PAUSED (total=120.7% (rule >80.0))
[CTRL] slot_A dynamic throttle to 10% at total=147.2%
[CTRL] admission high episode 6 at total=170.1%
[CTRL] slot_A dynamic throttle removed at total=77.1%
[CTRL] tier 3 -> 2  mem=[0, 1]  slot_B=[2] (total=95.5% (rule <100.0))
[CTRL] tier 2 -> 3  mem=[0, 1, 2]  slot_B=PAUSED (total=85.7% (rule >80.0))
[CTRL] tier 3 -> 2  mem=[0, 1]  slot_B=[2] (total=86.3% (rule <100.0))
[CTRL] tier 2 -> 3  mem=[0, 1, 2]  slot_B=PAUSED (total=85.8% (rule >80.0))
[CTRL] tier 3 -> 2  mem=[0, 1]  slot_B=[2] (total=86.3% (rule <100.0))
[CTRL] tier 2 -> 3  mem=[0, 1, 2]  slot_B=PAUSED (total=85.8% (rule >80.0))
[CTRL] tier 3 -> 2  mem=[0, 1]  slot_B=[2] (total=96.1% (rule <100.0))
[CTRL] tier 2 -> 3  mem=[0, 1, 2]  slot_B=PAUSED (total=86.1% (rule >80.0))
[CTRL] tier 3 -> 2  mem=[0, 1]  slot_B=[2] (total=77.2% (rule <100.0))
[CTRL] tier 2 -> 3  mem=[0, 1, 2]  slot_B=PAUSED (total=86.7% (rule >80.0))
[CTRL] tier 3 -> 2  mem=[0, 1]  slot_B=[2] (total=76.7% (rule <100.0))
[CTRL] tier 2 -> 3  mem=[0, 1, 2]  slot_B=PAUSED (total=86.8% (rule >80.0))
[CTRL] tier 3 -> 2  mem=[0, 1]  slot_B=[2] (total=86.1% (rule <100.0))
[CTRL] tier 2 -> 3  mem=[0, 1, 2]  slot_B=PAUSED (total=86.0% (rule >80.0))
[CTRL] tier 3 -> 2  mem=[0, 1]  slot_B=[2] (total=38.5% (rule <100.0))
[CTRL] slot_A: barnes done
[CTRL] slot_A: started radix on cores=[3] threads=1
[CTRL] tier 2 -> 3  mem=[0, 1, 2]  slot_B=PAUSED (total=140.8% (rule >80.0))
[CTRL] slot_A dynamic throttle to 10% at total=140.8%
[CTRL] admission high episode 7 at total=171.4%
[CTRL] admission high episode 8 at total=170.3%
[CTRL] slot_A dynamic throttle removed at total=76.5%
[CTRL] tier 3 -> 2  mem=[0, 1]  slot_B=[2] (total=76.4% (rule <100.0))
[CTRL] tier 2 -> 3  mem=[0, 1, 2]  slot_B=PAUSED (total=85.5% (rule >80.0))
[CTRL] tier 3 -> 2  mem=[0, 1]  slot_B=[2] (total=76.7% (rule <100.0))
[CTRL] tier 2 -> 3  mem=[0, 1, 2]  slot_B=PAUSED (total=85.7% (rule >80.0))
[CTRL] tier 3 -> 2  mem=[0, 1]  slot_B=[2] (total=86.3% (rule <100.0))
[CTRL] slot_A: radix done
[CTRL] slot_A: started canneal on cores=[3] threads=1
[CTRL] tier 2 -> 3  mem=[0, 1, 2]  slot_B=PAUSED (total=123.9% (rule >80.0))
[CTRL] slot_A dynamic throttle to 10% at total=146.7%
[CTRL] admission high episode 9 at total=188.0%
[CTRL] slot_A dynamic throttle removed at total=67.2%
[CTRL] tier 3 -> 2  mem=[0, 1]  slot_B=[2] (total=57.7% (rule <100.0))
[CTRL] tier 2 -> 3  mem=[0, 1, 2]  slot_B=PAUSED (total=114.7% (rule >80.0))
[CTRL] slot_A dynamic throttle to 10% at total=144.5%
[CTRL] tier 3 -> 2  mem=[0, 1]  slot_B=[2] (total=95.8% (rule <100.0))
[CTRL] slot_A dynamic throttle removed at total=95.8%
[CTRL] tier 2 -> 3  mem=[0, 1, 2]  slot_B=PAUSED (total=86.2% (rule >80.0))
[CTRL] tier 3 -> 2  mem=[0, 1]  slot_B=[2] (total=67.4% (rule <100.0))
[CTRL] tier 2 -> 3  mem=[0, 1, 2]  slot_B=PAUSED (total=86.4% (rule >80.0))
[CTRL] tier 3 -> 2  mem=[0, 1]  slot_B=[2] (total=77.0% (rule <100.0))
[CTRL] tier 2 -> 3  mem=[0, 1, 2]  slot_B=PAUSED (total=122.6% (rule >80.0))
[CTRL] slot_A dynamic throttle to 10% at total=143.8%
[CTRL] admission high episode 10 at total=171.9%
[CTRL] admission high episode 11 at total=190.0%
[CTRL] slot_A dynamic throttle removed at total=29.0%
[CTRL] tier 3 -> 2  mem=[0, 1]  slot_B=[2] (total=19.4% (rule <100.0))
[CTRL] tier 2 -> 3  mem=[0, 1, 2]  slot_B=PAUSED (total=95.0% (rule >80.0))
[CTRL] tier 3 -> 2  mem=[0, 1]  slot_B=[2] (total=38.8% (rule <100.0))
[CTRL] tier 2 -> 3  mem=[0, 1, 2]  slot_B=PAUSED (total=112.6% (rule >80.0))
[CTRL] slot_A dynamic throttle to 10% at total=156.8%
[CTRL] admission high episode 12 at total=171.1%
[CTRL] slot_A dynamic throttle removed at total=57.9%
[CTRL] tier 3 -> 2  mem=[0, 1]  slot_B=[2] (total=38.4% (rule <100.0))
[CTRL] tier 2 -> 3  mem=[0, 1, 2]  slot_B=PAUSED (total=129.1% (rule >80.0))
[CTRL] slot_A dynamic throttle to 10% at total=148.0%
[CTRL] admission high episode 13 at total=170.0%
[CTRL] slot_A dynamic throttle removed at total=77.0%
[CTRL] tier 3 -> 2  mem=[0, 1]  slot_B=[2] (total=38.6% (rule <100.0))
[CTRL] tier 2 -> 3  mem=[0, 1, 2]  slot_B=PAUSED (total=158.8% (rule >80.0))
[CTRL] slot_A dynamic throttle to 10% at total=158.8%
[CTRL] admission high episode 14 at total=180.4%
[CTRL] admission high episode 15 at total=199.5%
[CTRL] slot_A dynamic throttle removed at total=38.6%
[CTRL] tier 3 -> 2  mem=[0, 1]  slot_B=[2] (total=48.4% (rule <100.0))
[CTRL] tier 2 -> 3  mem=[0, 1, 2]  slot_B=PAUSED (total=122.8% (rule >80.0))
[CTRL] slot_A dynamic throttle to 10% at total=169.5%
[CTRL] admission high episode 16 at total=178.1%
[CTRL] slot_A dynamic throttle removed at total=67.5%
[CTRL] tier 3 -> 2  mem=[0, 1]  slot_B=[2] (total=76.9% (rule <100.0))
[CTRL] tier 2 -> 3  mem=[0, 1, 2]  slot_B=PAUSED (total=124.4% (rule >80.0))
[CTRL] slot_A: canneal done
[CTRL] slot_A: started streamcluster on cores=[3] threads=1
[CTRL] slot_A dynamic throttle to 10% at total=167.1%
[CTRL] admission high episode 17 at total=170.2%
[CTRL] slot_A dynamic throttle removed at total=38.5%
[CTRL] tier 3 -> 2  mem=[0, 1]  slot_B=[2] (total=48.1% (rule <100.0))
[CTRL] slot_B: freqmine done
[CTRL] slot_B: started vips on cores=[2] threads=2
[CTRL] memcached restored to [0, 1, 2, 3]
[CTRL] log -> log20260515_224922.txt
[CTRL] cpu log -> /home/ubuntu/cpu_log_20260515_224922.csv
