[CTRL] Policy: responsive  (expand>75.0% up_dwell=1.5s | shrink<30.0% down_dwell=1.5s | panic>0.0% | poll=0.25s init_tier=1 cap_tier=3 lock=False)
[CTRL] memcached PID=19479
[CTRL] memcached pinned to [0] (tier 1)
[CTRL] slot_A: started canneal on cores=[3] threads=1
[CTRL] slot_B: started freqmine on cores=[1, 2] threads=2
[CTRL] tier 1 → 2  mem=[0, 1]  slot_B=[2] (cpu/core=81.2%)
[CTRL] tier 2 → 1  mem=[0]  slot_B=[1, 2] (cpu/core=27.6%)
[CTRL] tier 1 → 2  mem=[0, 1]  slot_B=[2] (cpu/core=78.5%)
[CTRL] tier 2 → 3  mem=[0, 1, 2]  slot_B=PAUSED (cpu/core=78.2%)
[CTRL] tier 3 → 2  mem=[0, 1]  slot_B=[2] (cpu/core=27.5%)
[CTRL] tier 2 → 1  mem=[0]  slot_B=[1, 2] (cpu/core=27.6%)
[CTRL] tier 1 → 2  mem=[0, 1]  slot_B=[2] (cpu/core=93.9%)
[CTRL] tier 2 → 1  mem=[0]  slot_B=[1, 2] (cpu/core=9.8%)
[CTRL] tier 1 → 2  mem=[0, 1]  slot_B=[2] (cpu/core=86.0%)
[CTRL] tier 2 → 1  mem=[0]  slot_B=[1, 2] (cpu/core=29.5%)
[CTRL] tier 1 → 2  mem=[0, 1]  slot_B=[2] (cpu/core=97.9%)
[CTRL] tier 2 → 1  mem=[0]  slot_B=[1, 2] (cpu/core=21.6%)
[CTRL] tier 1 → 2  mem=[0, 1]  slot_B=[2] (cpu/core=77.7%)
[CTRL] tier 2 → 1  mem=[0]  slot_B=[1, 2] (cpu/core=25.6%)
[CTRL] tier 1 → 2  mem=[0, 1]  slot_B=[2] (cpu/core=86.7%)
[CTRL] tier 2 → 1  mem=[0]  slot_B=[1, 2] (cpu/core=25.6%)
[CTRL] tier 1 → 2  mem=[0, 1]  slot_B=[2] (cpu/core=85.7%)
[CTRL] tier 2 → 1  mem=[0]  slot_B=[1, 2] (cpu/core=29.4%)
[CTRL] tier 1 → 2  mem=[0, 1]  slot_B=[2] (cpu/[CTRL] slot_A: blackscholes done
[CTRL] slot_A: started radix on cores=[3] threads=1
 1 → 2  mem=[0, 1]  slot_B=[2] (cpu/core=78.9%)
[CTRL] tier 2 → 1  mem=[0]  slot_B=[1, 2] (cpu/core=29.2%)
[CTRL] tier 1 → 2  mem=[0, 1]  slot_B=[2] (cpu/core=94.0%)
[CTRL] tier 2 → 3  mem=[0, 1, 2]  slot_B=PAUSED (cpu/core=78.8%)
[CTRL] tier 3 → 2  mem=[0, 1]  slot_B=[2] (cpu/core=24.4%)
[CTRL] tier 2 → 1  mem=[0]  slot_B=[1, 2] (cpu/core=27.4%)
[CTRL] tier 1 → 2  mem=[0, 1]  slot_B=[2] (cpu/core=94.6%)
[CTRL] tier 2 → 3  mem=[0, 1, 2]  slot_B=PAUSED (cpu/core=80.4%)
[CTRL] tier 3 → 2  mem=[0, 1]  slot_B=[2] (cpu/core=28.7%)
[CTRL] tier 2 → 1  mem=[0]  slot_B=[1, 2] (cpu/core=23.6%)
[CTRL] tier 1 → 2  mem=[0, 1]  slot_B=[2] (cpu/core=94.4%)
[CTRL] tier 2 → 1  mem=[0]  slot_B=[1, 2] (cpu/core=29.4%)
[CTRL] tier 1 → 2  mem=[0, 1]  slot_B=[2] (cpu/core=78.5%)
[CTRL] tier 2 → 1  mem=[0]  slot_B=[1, 2] (cpu/core=29.6%)
