[CTRL] Process nice priority: 0 -> -20
[CTRL] stress situation classifier armed, memcached pinned to [0, 1, 2]
[CTRL] stress situation: active load seen total=9.7%
[CTRL] stress situation: change 1 at total=58.6%
[CTRL] stress situation: change 2 at total=107.2%
[CTRL] stress situation=False reason=median_change_s=15.02, exec policy=core_fast
[CTRL] Process nice priority: -20 -> -20
[CTRL] memcached PID=285445
[CTRL] Policy: core_fast, inspiration one-job-per-free-core mode
[CTRL] fast started freqmine on core=3 threads=1
[CTRL] fast tier -> mem=[0] total=109.4%
[CTRL] fast started canneal on core=1 threads=1
[CTRL] fast started barnes on core=2 threads=1
[CTRL] fast tier -> mem=[0, 1] total=81.9%
[CTRL] fast tier -> mem=[0] total=93.9%
[CTRL] fast tier -> mem=[0, 1] total=85.9%
[CTRL] fast tier -> mem=[0, 1, 2] total=186.7%
[CTRL] fast tier -> mem=[0, 1] total=127.9%
[CTRL] fast tier -> mem=[0] total=83.9%
[CTRL] fast tier -> mem=[0, 1] total=87.9%
[CTRL] fast tier -> mem=[0] total=93.9%
[CTRL] fast tier -> mem=[0, 1] total=81.9%
[CTRL] fast tier -> mem=[0] total=93.9%
[CTRL] fast tier -> mem=[0, 1] total=83.9%
[CTRL] fast tier -> mem=[0] total=74.0%
[CTRL] fast tier -> mem=[0, 1] total=95.9%
[CTRL] fast tier -> mem=[0, 1, 2] total=197.8%
[CTRL] fast tier -> mem=[0, 1] total=149.9%
[CTRL] fast tier -> mem=[0] total=74.0%
[CTRL] fast tier -> mem=[0, 1] total=99.9%
[CTRL] fast tier -> mem=[0] total=93.9%
[CTRL] fast tier -> mem=[0, 1] total=89.9%
[CTRL] fast tier -> mem=[0, 1, 2] total=197.8%
[CTRL] fast tier -> mem=[0, 1] total=153.9%
[CTRL] fast tier -> mem=[0] total=24.0%
[CTRL] fast started vips on core=2 threads=1
[CTRL] fast tier -> mem=[0, 1] total=95.8%
[CTRL] fast tier -> mem=[0, 1, 2] total=181.9%
[CTRL] fast tier -> mem=[0, 1] total=161.9%
[CTRL] fast tier -> mem=[0] total=16.0%
[CTRL] fast tier -> mem=[0, 1] total=81.9%
[CTRL] fast tier -> mem=[0] total=69.9%
[CTRL] fast tier -> mem=[0, 1] total=96.0%
[CTRL] fast tier -> mem=[0, 1, 2] total=197.8%
[CTRL] fast tier -> mem=[0, 1] total=133.9%
[CTRL] fast tier -> mem=[0] total=63.9%
[CTRL] fast started blackscholes on core=2 threads=1
[CTRL] fast tier -> mem=[0, 1] total=81.9%
[CTRL] fast tier -> mem=[0] total=89.9%
[CTRL] fast tier -> mem=[0, 1] total=81.9%
[CTRL] fast tier -> mem=[0] total=93.9%
[CTRL] fast tier -> mem=[0, 1] total=81.9%
[CTRL] fast tier -> mem=[0] total=91.9%
[CTRL] fast tier -> mem=[0, 1] total=83.9%
[CTRL] fast tier -> mem=[0] total=64.0%
[CTRL] fast tier -> mem=[0, 1] total=87.9%
[CTRL] fast tier -> mem=[0] total=76.0%
[CTRL] fast started radix on core=2 threads=1
[CTRL] fast tier -> mem=[0, 1] total=81.9%
[CTRL] fast tier -> mem=[0] total=89.9%
[CTRL] fast tier -> mem=[0, 1] total=81.9%
[CTRL] fast tier -> mem=[0] total=93.9%
[CTRL] fast tier -> mem=[0, 1] total=81.9%
[CTRL] fast tier -> mem=[0] total=89.9%
[CTRL] fast started streamcluster on core=2 threads=3
[CTRL] fast tier -> mem=[0, 1] total=83.9%
[CTRL] fast tier -> mem=[0, 1, 2] total=161.9%
[CTRL] fast tier -> mem=[0, 1] total=165.9%
[CTRL] fast tier -> mem=[0, 1, 2] total=167.9%
[CTRL] fast tier -> mem=[0, 1] total=167.8%
[CTRL] fast tier -> mem=[0, 1, 2] total=167.9%
[CTRL] fast tier -> mem=[0, 1] total=165.9%
[CTRL] fast tier -> mem=[0, 1, 2] total=161.9%
[CTRL] fast tier -> mem=[0, 1] total=161.9%
[CTRL] fast tier -> mem=[0] total=73.9%
[CTRL] fast expanded streamcluster to [1, 2]
[CTRL] fast expanded streamcluster to [1, 2, 3]
[CTRL] fast tier -> mem=[0, 1] total=101.9%
[CTRL] fast tier -> mem=[0, 1, 2] total=177.9%
[CTRL] fast tier -> mem=[0, 1] total=159.8%
[CTRL] fast expanded streamcluster to [2, 3]
[CTRL] fast tier -> mem=[0] total=56.0%
[CTRL] fast expanded streamcluster to [1, 2, 3]
[CTRL] fast tier -> mem=[0, 1] total=99.8%
[CTRL] fast tier -> mem=[0] total=87.9%
[CTRL] fast expanded streamcluster to [1, 2, 3]
[CTRL] fast tier -> mem=[0, 1] total=83.9%
[CTRL] fast tier -> mem=[0] total=89.9%
[CTRL] fast expanded streamcluster to [1, 2, 3]
[CTRL] fast tier -> mem=[0, 1] total=99.9%
[CTRL] fast tier -> mem=[0, 1, 2] total=163.8%
[CTRL] fast tier -> mem=[0] total=117.9%
[CTRL] fast expanded streamcluster to [1, 3]
[CTRL] fast expanded streamcluster to [1, 2, 3]
[CTRL] All batch jobs done.
[CTRL] memcached restored to [0, 1, 2, 3]
[CTRL] log -> log20260516_161358.txt
[CTRL] cpu log -> /home/ubuntu/cpu_log_20260516_161358.csv
