[CTRL] Policy: aggressive  (expand>60.0% shrink<40.0% dwell=0.5s poll=0.2s init_tier=1 cap_tier=3 lock=False)
[CTRL] memcached PID=34907
[CTRL] memcached pinned to [0] (tier 1)
[CTRL] slot_A: started canneal on cores=[3] threads=1
[CTRL] slot_B: started freqmine on cores=[1, 2] threads=2
[CTRL] tier 1 → 2  mem=[0, 1]  slot_B=[2] (cpu/core=86.6%)
[CTRL] tier 2 → 1  mem=[0]  slot_B=[1, 2] (cpu/core=36.6%)
[CTRL] tier 1 → 2  mem=[0, 1]  slot_B=[2] (cpu/core=79.9%)
[CTRL] tier 2 → 1  mem=[0]  slot_B=[1, 2] (cpu/core=36.6%)
[CTRL] tier 1 → 2  mem=[0, 1]  slot_B=[2] (cpu/core=93.1%)
[CTRL] tier 2 → 1  mem=[0]  slot_B=[1, 2] (cpu/core=[CTRL] slot_B: vips done
[CTRL] slot_B: started radix on cores=[2] threads=1
[CTRL] slot_B: radix done
 slot_B=PAUSED (cpu/core=66.6%)
[CTRL] tier 3 → 2  mem=[0, 1]  slot_B=[2] (cpu/core=40.0%)
[CTRL] tier 2 → 3  mem=[0, 1, 2]  slot_B=PAUSED (cpu/core=63.2%)
[CTRL] tier 3 → 2  mem=[0, 1]  slot_B=[2] (cpu/core=40.0%)
[CTRL] tier 2 → 3  mem=[0, 1, 2]  slot_B=PAUSED (cpu/core=63.2%)
[CTRL] tier 3 → 2  mem=[0, 1]  slot_B=[2] (cpu/core=39.9%)
[CTRL] tier 2 → 3  mem=[0, 1, 2]  slot_B=PAUSED (cpu/core=66.6%)
[CTRL] tier 3 → 2  mem=[0, 1]  slot_B=[2] (cpu/core=37.7%)
[CTRL] tier 2 → 1  mem=[0]  slot_B=[1, 2] (cpu/core=33.2%)
[CTRL] tier 1 → 2  mem=[0, 1]  slot_B=[2] (cpu/core=73.3%)
[CTRL] tier 2 → 1  mem=[0]  slot_B=[1, 2] (cpu/core=40.0%)
[CTRL] tier 1 → 2  mem=[0, 1]  slot_B=[2] (cpu/core=66.6%)
[CTRL] tier 2 → 1  mem=[0]  slot_B=[1, 2] (cpu/core=36.6%)
[CTRL] tier 1 → 2  mem=[0, 1]  slot_B=[2] (cpu/core=66.6%)
[CTRL] tier 2 → 1  mem=[0]  slot_B=[1, 2] (cpu/core=29.9%)
[CTRL] tier 1 → 2  mem=[0, 1]  slot_B=[2] (cpu/core=66.6%)
[CTRL] tier 2 → 1  mem=[0]  slot_B=[1, 2] (cpu/core=33.3%)
[CTRL] tier 1 → 2  mem=[0, 1]  slot_B=[2] (cpu/core=73.2%)
[CTRL] tier 2 → 1  mem=[0]  slot_B=[1, 2] (cpu/core=36.6%)
[CTRL] tier 1 → 2  mem=[0, 1]  slot_B=[2] (cpu/core=66.6%)
[CTRL] tier 2 → 1  mem=[0]  slot_B=[1, 2] (cpu/core=29.9%)
[CTRL] tier 1 → 2  mem=[0, 1]  slot_B=[2] (cpu/core=66.6%)
[CTRL] tier 2 → 1  mem=[0]  slot_B=[1, 2] (cpu/core=36.6%)
[CTRL] tier 1 → 2  mem=[0, 1]  slot_B=[2] (cpu/core=66.6%)
[CTRL] tier 2 → 1  mem=[0]  slot_B=[1, 2] (cpu/core=33.3%)
[CTRL] tier 1 → 2  mem=[0, 1]  slot_B=[2] (cpu/core=93.2%)
[CTRL] tier 2 → 1  mem=[0]  slot_B=[1, 2] (cpu/core=39.5%)
[CTRL] tier 1 → 2  mem=[0, 1]  slot_B=[2] (cpu/core=79.8%)
[CTRL] tier 2 → 1  mem=[0]  slot_B=[1, 2] (cpu/core=40.0%)
[CTRL] tier 1 → 2  mem=[0, 1]  slot_B=[2] (cpu/core=78.6%)
[CTRL] tier 2 → 1  mem=[0]  slot_B=[1, 2] (cpu/core=40.0%)
[CTRL] tier 1 → 2  mem=[0, 1]  slot_B=[2] (cpu/core=79.8%)
[CTRL] tier 2 → 1  mem=[0]  slot_B=[1, 2] (cpu/core=40.0%)
[CTRL] tier 1 → 2  mem=[0, 1]  slot_B=[2] (cpu/core=79.8%)
[CTRL] tier 2 → 1  mem=[0]  slot_B=[1, 2] (cpu/core=40.0%)
[CTRL] tier 1 → 2  mem=[0, 1]  slot_B=[2] (cpu/core=79.9%)
[CTRL] tier 2 → 1  mem=[0]  slot_B=[1, 2] (cpu/core=40.0%)
[CTRL] tier 1 → 2  mem=[0, 1]  slot_B=[2] (cpu/core=91.8%)
[CTRL] tier 2 → 1  mem=[0]  slot_B=[1, 2] (cpu/core=39.8%)
[CTRL] tier 1 → 2  mem=[0, 1]  slot_B=[2] (cpu/core=66.6%)
[CTRL] tier 2 → 1  mem=[0]  slot_B=[1, 2] (cpu/core=36.6%)
[CTRL] tier 1 → 2  mem=[0, 1]  slot_B=[2] (cpu/core=73.2%)
[CTRL] tier 2 → 1  mem=[0]  slot_B=[1, 2] (cpu/core=40.0%)
[CTRL] tier 1 → 2  mem=[0, 1]  slot_B=[2] (cpu/core=66.6%)
[CTRL] tier 2 → 1  mem=[0]  slot_B=[1, 2] (cpu/core=33.0%)
[CTRL] tier 1 → 2  mem=[0, 1]  slot_B=[2] (cpu/core=66.6%)
[CTRL] tier 2 → 1  mem=[0]  slot_B=[1, 2] (cpu/core=33.3%)
[CTRL] tier 1 → 2  mem=[0, 1]  slot_B=[2] (cpu/core=73.3%)
[CTRL] tier 2 → 1  mem=[0]  slot_B=[1, 2] (cpu/core=29.8%)
[CTRL] tier 1 → 2  mem=[0, 1]  slot_B=[2] (cpu/core=66.6%)
[CTRL] tier 2 → 1  mem=[0]  slot_B=[1, 2] (cpu/core=33.3%)
[CTRL] tier 1 → 2  mem=[0, 1]  slot_B=[2] (cpu/core=66.6%)
[CTRL] tier 2 → 3  mem=[0, 1, 2]  slot_B=PAUSED (cpu/core=63.3%)
[CTRL] tier 3 → 2  mem=[0, 1]  slot_B=[2] (cpu/core=39.9%)
[CTRL] tier 2 → 3  mem=[0, 1, 2]  slot_B=PAUSED (cpu/core=63.2%)
[CTRL] tier 3 → 2  mem=[0, 1]  slot_B=[2] (cpu/core=35.1%)
[CTRL] tier 2 → 3  mem=[0, 1, 2]  slot_B=PAUSED (cpu/core=63.1%)
[CTRL] tier 3 → 2  mem=[0, 1]  slot_B=[2] (cpu/core=31.1%)
[CTRL] tier 2 → 3  mem=[0, 1, 2]  slot_B=PAUSED (cpu/core=78.5%)
[CTRL] tier 3 → 2  mem=[0, 1]  slot_B=[2] (cpu/core=39.9%)
[CTRL] tier 2 → 3  mem=[0, 1, 2]  slot_B=PAUSED (cpu/core=69.9%)
[CTRL] tier 3 → 2  mem=[0, 1]  slot_B=[2] (cpu/core=40.0%)
[CTRL] tier 2 → 1  mem=[0]  slot_B=[1, 2] (cpu/core=36.6%)
[CTRL] tier 1 → 2  mem=[0, 1]  slot_B=[2] (cpu/core=79.9%)
[CTRL] tier 2 → 1  mem=[0]  slot_B=[1, 2] (cpu/core=33.3%)
[CTRL] tier 1 → 2  mem=[0, 1]  slot_B=[2] (cpu/core=99.9%)
[CTRL] tier 2 → 3  mem=[0, 1, 2]  slot_B=PAUSED (cpu/core=73.2%)
[CTRL] tier 3 → 2  mem=[0, 1]  slot_B=[2] (cpu/core=40.0%)
[CTRL] tier 2 → 3  mem=[0, 1, 2]  slot_B=PAUSED (cpu/core=63.2%)
[CTRL] tier 3 → 2  mem=[0, 1]  slot_B=[2] (cpu/core=39.2%)
[CTRL] tier 2 → 1  mem=[0]  slot_B=[1, 2] (cpu/core=40.0%)
[CTRL] tier 1 → 2  mem=[0, 1]  slot_B=[2] (cpu/core=93.2%)
[CTRL] tier 2 → 3  mem=[0, 1, 2]  slot_B=PAUSED (cpu/core=79.9%)
[CTRL] tier 3 → 2  mem=[0, 1]  slot_B=[2] (cpu/core=40.0%)
[CTRL] tier 2 → 1  mem=[0]  slot_B=[1, 2] (cpu/core=36.6%)
[CTRL] tier 1 → 2  mem=[0, 1]  slot_B=[2] (cpu/core=73.3%)
[CTRL] tier 2 → 1  mem=[0]  slot_B=[1, 2] (cpu/core=36.6%)
[CTRL] tier 1 → 2  mem=[0, 1]  slot_B=[2] (cpu/core=66.6%)
[CTRL] tier 2 → 1  mem=[0]  slot_B=[1, 2] (cpu/core=36.6%)
[CTRL] tier 1 → 2  mem=[0, 1]  slot_B=[2] (cpu/core=66.6%)
[CTRL] tier 2 → 1  mem=[0]  slot_B=[1, 2] (cpu/core=39.9%)
[CTRL] tier 1 → 2  mem=[0, 1]  slot_B=[2] (cpu/core=73.3%)
[CTRL] tier 2 → 1  mem=[0]  slot_B=[1, 2] (cpu/core=36.6%)
[CTRL] tier 1 → 2  mem=[0, 1]  slot_B=[2] (cpu/core=66.6%)
[CTRL] tier 2 → 1  mem=[0]  slot_B=[1, 2] (cpu/core=36.6%)
[CTRL] tier 1 → 2  mem=[0, 1]  slot_B=[2] (cpu/core=73.3%)
[CTRL] tier 2 → 1  mem=[0]  slot_B=[1, 2] (cpu/core=36.4%)
[CTRL] tier 1 → 2  mem=[0, 1]  slot_B=[2] (cpu/core=66.6%)
[CTRL] tier 2 → 1  mem=[0]  slot_B=[1, 2] (cpu/core=36.6%)
[CTRL] tier 1 → 2  mem=[0, 1]  slot_B=[2] (cpu/core=73.3%)
[CTRL] tier 2 → 1  mem=[0]  slot_B=[1, 2] (cpu/core=33.2%)
[CTRL] tier 1 → 2  mem=[0, 1]  slot_B=[2] (cpu/core=73.3%)
[CTRL] tier 2 → 1  mem=[0]  slot_B=[1, 2] (cpu/core=36.6%)
[CTRL] tier 1 → 2  mem=[0, 1]  slot_B=[2] (cpu/core=73.2%)
[CTRL] tier 2 → 1  mem=[0]  slot_B=[1, 2] (cpu/core=20.0%)
[CTRL] tier 1 → 2  mem=[0, 1]  slot_B=[2] (cpu/core=93.1%)
[CTRL] tier 2 → 3  mem=[0, 1, 2]  slot_B=PAUSED (cpu/core=89.9%)
[CTRL] tier 3 → 2  mem=[0, 1]  slot_B=[2] (cpu/core=33.3%)
[CTRL] tier 2 → 3  mem=[0, 1, 2]  slot_B=PAUSED (cpu/core=62.5%)
[CTRL] tier 3 → 2  mem=[0, 1]  slot_B=[2] (cpu/core=37.7%)
[CTRL] tier 2 → 1  mem=[0]  slot_B=[1, 2] (cpu/core=10.0%)
[CTRL] tier 1 → 2  mem=[0, 1]  slot_B=[2] (cpu/core=106.6%)
[CTRL] tier 2 → 3  mem=[0, 1, 2]  slot_B=PAUSED (cpu/core=73.2%)
[CTRL] tier 3 → 2  mem=[0, 1]  slot_B=[2] (cpu/core=33.3%)
[CTRL] tier 2 → 3  mem=[0, 1, 2]  slot_B=PAUSED (cpu/core=73.2%)
[CTRL] tier 3 → 2  mem=[0, 1]  slot_B=[2] (cpu/core=40.0%)
[CTRL] tier 2 → 3  mem=[0, 1, 2]  slot_B=PAUSED (cpu/core=76.6%)
[CTRL] tier 3 → 2  mem=[0, 1]  slot_B=[2] (cpu/core=37.7%)
[CTRL] tier 2 → 1  mem=[0]  slot_B=[1, 2] (cpu/core=6.7%)
