[CTRL] Process nice priority: 0 -> -20
[CTRL] Policy: bounded_total_gate_slotb_plus  (TOTAL-CPU mode | hysteresis=5iters | poll=0.1s slot_check=0.1s | init_tier=3 min_tier=2 cap_tier=3 | thresholds={2: [(3, '>', 175.0)], 3: [(2, '<', 100.0)]} | shrink_confirm=20iters | startup_tier_lock=0.0s | slot_A_delay=0.0s slot_B_delay=0.0s | slot_A_guard=0.0/0.0 hold=0.0s confirm=1 | slot_A_dyn_throttle=10% 135.0/85.0 | admission_episode=170.0/130.0 A=2eps/120.0%/10iters/10.0s B=0eps/0.0%/1iters/0.0s)
[CTRL] memcached PID=116947
[CTRL] memcached pinned to [0, 1, 2] (tier 3)
[CTRL] tier 3 -> 2  mem=[0, 1]  slot_B=[2] (total=0.0% (rule <100.0))
[CTRL] slot_B: started freqmine on cores=[2] threads=2
[CTRL] admission high episode 1 at total=171.1%
[CTRL] tier 2 -> 3  mem=[0, 1, 2]  slot_B=PAUSED (total=182.6% (rule >175.0))
[CTRL] tier 3 -> 2  mem=[0, 1]  slot_B=[2] (total=77.9% (rule <100.0))
[CTRL] admission high episode 2 at total=171.6%
[CTRL] tier 2 -> 3  mem=[0, 1, 2]  slot_B=PAUSED (total=190.1% (rule >175.0))
[CTRL] tier 3 -> 2  mem=[0, 1]  slot_B=[2] (total=77.8% (rule <100.0))
[CTRL] slot_A: started blackscholes on cores=[3] threads=1
[CTRL] admission high episode 3 at total=170.4%
[CTRL] tier 2 -> 3  mem=[0, 1, 2]  slot_B=PAUSED (total=179.5% (rule >175.0))
[CTRL] slot_A dynamic throttle to 10% at total=179.5%
[CTRL] tier 3 -> 2  mem=[0, 1]  slot_B=[2] (total=29.0% (rule <100.0))
[CTRL] slot_A dynamic throttle removed at total=19.3%
[CTRL] slot_A: blackscholes done
[CTRL] slot_A: started barnes on cores=[3] threads=1
[CTRL] admission high episode 4 at total=172.7%
[CTRL] tier 2 -> 3  mem=[0, 1, 2]  slot_B=PAUSED (total=180.5% (rule >175.0))
[CTRL] slot_A dynamic throttle to 10% at total=180.5%
[CTRL] slot_A dynamic throttle removed at total=57.5%
[CTRL] tier 3 -> 2  mem=[0, 1]  slot_B=[2] (total=77.1% (rule <100.0))
[CTRL] slot_A: barnes done
[CTRL] slot_A: started radix on cores=[3] threads=1
[CTRL] slot_A: radix done
[CTRL] slot_A: started canneal on cores=[3] threads=1
[CTRL] admission high episode 5 at total=170.5%
[CTRL] tier 2 -> 3  mem=[0, 1, 2]  slot_B=PAUSED (total=190.7% (rule >175.0))
[CTRL] slot_A dynamic throttle to 10% at total=190.7%
[CTRL] slot_A dynamic throttle removed at total=76.7%
[CTRL] tier 3 -> 2  mem=[0, 1]  slot_B=[2] (total=77.0% (rule <100.0))
[CTRL] slot_B: freqmine done
[CTRL] slot_B: started streamcluster on cores=[2] threads=2
[CTRL] admission high episode 6 at total=170.8%
[CTRL] tier 2 -> 3  mem=[0, 1, 2]  slot_B=PAUSED (total=181.8% (rule >175.0))
[CTRL] slot_A dynamic throttle to 10% at total=181.8%
[CTRL] slot_A dynamic throttle removed at total=76.7%
[CTRL] tier 3 -> 2  mem=[0, 1]  slot_B=[2] (total=38.5% (rule <100.0))
[CTRL] admission high episode 7 at total=172.5%
[CTRL] tier 2 -> 3  mem=[0, 1, 2]  slot_B=PAUSED (total=182.0% (rule >175.0))
[CTRL] slot_A dynamic throttle to 10% at total=182.0%
[CTRL] slot_A dynamic throttle removed at total=9.7%
[CTRL] tier 3 -> 2  mem=[0, 1]  slot_B=[2] (total=19.3% (rule <100.0))
[CTRL] slot_A: canneal done
[CTRL] slot_A: started vips on cores=[3] threads=1
[CTRL] slot_A: vips done
[CTRL] admission high episode 8 at total=171.1%
[CTRL] tier 2 -> 3  mem=[0, 1, 2]  slot_B=PAUSED (total=181.3% (rule >175.0))
[CTRL] admission high episode 9 at total=191.9%
[CTRL] tier 3 -> 2  mem=[0, 1]  slot_B=[2] (total=58.6% (rule <100.0))
[CTRL] admission high episode 10 at total=173.2%
[CTRL] tier 2 -> 3  mem=[0, 1, 2]  slot_B=PAUSED (total=182.5% (rule >175.0))
[CTRL] tier 3 -> 2  mem=[0, 1]  slot_B=[2] (total=68.4% (rule <100.0))
[CTRL] admission high episode 11 at total=172.5%
[CTRL] slot_B: streamcluster done
[CTRL] All batch jobs done.
[CTRL] memcached restored to [0, 1, 2, 3]
[CTRL] log -> log20260516_014313.txt
[CTRL] cpu log -> /home/ubuntu/cpu_log_20260516_014313.csv
