[CTRL] Process nice priority: 0 -> -20
[CTRL] Policy: bounded_total_v2  (TOTAL-CPU mode | hysteresis=15iters | poll=0.1s slot_check=0.1s | init_tier=3 min_tier=1 cap_tier=3 | thresholds=friend_v2)
[CTRL] memcached PID=152512
[CTRL] memcached pinned to [0, 1, 2] (tier 3)
[CTRL] slot_A: started blackscholes on cores=[3] threads=1
[CTRL] tier 3 → 1  mem=[0]  slot_B=[1, 2] (total=0.0% (rule <125.0))
[CTRL] slot_B: started freqmine on cores=[1, 2] threads=2
[CTRL] tier 1 → 2  mem=[0, 1]  slot_B=[2] (total=85.8% (rule >80.0))
[CTRL] tier 2 → 1  mem=[0]  slot_B=[1, 2] (total=86.1% (rule <95.0))
[CTRL] tier 1 → 2  mem=[0, 1]  slot_B=[2] (total=86.7% (rule >80.0))
[CTRL] tier 2 → 1  mem=[0]  slot_B=[1, 2] (total=85.4% (rule <95.0))
[CTRL] tier 1 → 2  mem=[0, 1]  slot_B=[2] (total=86.6% (rule >80.0))
[CTRL] tier 2 → 1  mem=[0]  slot_B=[1, 2] (total=86.6% (rule <95.0))
[CTRL] tier 1 → 2  mem=[0, 1]  slot_B=[2] (total=85.5% (rule >80.0))
[CTRL] tier 2 → 1  mem=[0]  slot_B=[1, 2] (total=86.6% (rule <95.0))
[CTRL] tier 1 → 2  mem=[0, 1]  slot_B=[2] (total=95.5% (rule >80.0))
[CTRL] tier 2 → 3  mem=[0, 1, 2]  slot_B=PAUSED (total=199.4% (rule >160.0))
[CTRL] tier 3 → 1  mem=[0]  slot_B=[1, 2] (total=124.3% (rule <125.0))
[CTRL] tier 1 → 2  mem=[0, 1]  slot_B=[2] (total=83.6% (rule >80.0))
[CTRL] tier 2 → 1  mem=[0]  slot_B=[1, 2] (total=94.8% (rule <95.0))
[CTRL] tier 1 → 2  mem=[0, 1]  slot_B=[2] (total=86.5% (rule >80.0))
[CTRL] tier 2 → 1  mem=[0]  slot_B=[1, 2] (total=94.7% (rule <95.0))
[CTRL] tier 1 → 2  mem=[0, 1]  slot_B=[2] (total=86.9% (rule >80.0))
[CTRL] tier 2 → 1  mem=[0]  slot_B=[1, 2] (total=76.8% (rule <95.0))
[CTRL] tier 1 → 2  mem=[0, 1]  slot_B=[2] (total=84.3% (rule >80.0))
[CTRL] tier 2 → 1  mem=[0]  slot_B=[1, 2] (total=85.5% (rule <95.0))
[CTRL] tier 1 → 2  mem=[0, 1]  slot_B=[2] (total=85.6% (rule >80.0))
[CTRL] tier 2 → 1  mem=[0]  slot_B=[1, 2] (total=85.8% (rule <95.0))
[CTRL] tier 1 → 2  mem=[0, 1]  slot_B=[2] (total=83.8% (rule >80.0))
[CTRL] tier 2 → 1  mem=[0]  slot_B=[1, 2] (total=86.6% (rule <95.0))
[CTRL] tier 1 → 2  mem=[0, 1]  slot_B=[2] (total=85.7% (rule >80.0))
[CTRL] tier 2 → 1  mem=[0]  slot_B=[1, 2] (total=86.2% (rule <95.0))
[CTRL] tier 1 → 2  mem=[0, 1]  slot_B=[2] (total=84.2% (rule >80.0))
[CTRL] tier 2 → 1  mem=[0]  slot_B=[1, 2] (total=67.0% (rule <95.0))
[CTRL] slot_A: blackscholes done
[CTRL] slot_A: started barnes on cores=[3] threads=1
[CTRL] tier 1 → 2  mem=[0, 1]  slot_B=[2] (total=92.5% (rule >80.0))
[CTRL] tier 2 → 3  mem=[0, 1, 2]  slot_B=PAUSED (total=195.1% (rule >160.0))
[CTRL] tier 3 → 2  mem=[0, 1]  slot_B=[2] (total=134.8% (rule <170.0))
[CTRL] tier 2 → 1  mem=[0]  slot_B=[1, 2] (total=67.0% (rule <95.0))
[CTRL] tier 1 → 2  mem=[0, 1]  slot_B=[2] (total=93.8% (rule >80.0))
[CTRL] tier 2 → 1  mem=[0]  slot_B=[1, 2] (total=28.9% (rule <95.0))
[CTRL] tier 1 → 2  mem=[0, 1]  slot_B=[2] (total=86.2% (rule >80.0))
[CTRL] tier 2 → 1  mem=[0]  slot_B=[1, 2] (total=86.2% (rule <95.0))
[CTRL] tier 1 → 2  mem=[0, 1]  slot_B=[2] (total=83.8% (rule >80.0))
[CTRL] tier 2 → 3  mem=[0, 1, 2]  slot_B=PAUSED (total=178.8% (rule >160.0))
[CTRL] tier 3 → 2  mem=[0, 1]  slot_B=[2] (total=167.9% (rule <170.0))
[CTRL] tier 2 → 3  mem=[0, 1, 2]  slot_B=PAUSED (total=161.9% (rule >160.0))
[CTRL] tier 3 → 2  mem=[0, 1]  slot_B=[2] (total=125.7% (rule <170.0))
[CTRL] tier 2 → 1  mem=[0]  slot_B=[1, 2] (total=19.4% (rule <95.0))
[CTRL] tier 1 → 2  mem=[0, 1]  slot_B=[2] (total=104.0% (rule >80.0))
[CTRL] tier 2 → 3  mem=[0, 1, 2]  slot_B=PAUSED (total=173.1% (rule >160.0))
[CTRL] tier 3 → 2  mem=[0, 1]  slot_B=[2] (total=162.2% (rule <170.0))
[CTRL] tier 2 → 3  mem=[0, 1, 2]  slot_B=PAUSED (total=161.8% (rule >160.0))
[CTRL] tier 3 → 2  mem=[0, 1]  slot_B=[2] (total=160.2% (rule <170.0))
[CTRL] tier 2 → 3  mem=[0, 1, 2]  slot_B=PAUSED (total=166.6% (rule >160.0))
[CTRL] tier 3 → 2  mem=[0, 1]  slot_B=[2] (total=162.0% (rule <170.0))
[CTRL] tier 2 → 3  mem=[0, 1, 2]  slot_B=PAUSED (total=160.2% (rule >160.0))
[CTRL] tier 3 → 1  mem=[0]  slot_B=[1, 2] (total=0.0% (rule <125.0))
