[CTRL] Process nice priority: 0 -> -20
[CTRL] stress situation classifier armed, memcached pinned to [0, 1, 2]
[CTRL] stress situation: active load seen total=10.1%
[CTRL] stress situation: change 1 at total=66.9%
[CTRL] stress situation: change 2 at total=108.5%
[CTRL] stress situation=True reason=median_change_s=5.01, exec policy=bounded_total_gate_slotb_plus
[CTRL] Process nice priority: -20 -> -20
[CTRL] Policy: bounded_total_gate_slotb_plus  (TOTAL-CPU mode | hysteresis=5iters | poll=0.1s slot_check=0.1s | init_tier=3 min_tier=2 cap_tier=3 | thresholds={2: [(3, '>', 175.0)], 3: [(2, '<', 100.0)]} | shrink_confirm=20iters | startup_tier_lock=0.0s | slot_A_delay=0.0s slot_B_delay=0.0s | slot_A_guard=0.0/0.0 hold=0.0s confirm=1 | slot_A_dyn_throttle=10% 135.0/85.0 | admission_episode=170.0/130.0 A=2eps/120.0%/10iters/10.0s B=0eps/0.0%/1iters/0.0s)
[CTRL] memcached PID=239773
[CTRL] memcached pinned to [0, 1, 2] (tier 3)
[CTRL] admission high episode 1 at total=198.9%
[CTRL] tier 3 -> 2  mem=[0, 1]  slot_B=[2] (total=79.5% (rule <100.0))
[CTRL] slot_B: started freqmine on cores=[2] threads=2
[CTRL] admission high episode 2 at total=182.7%
[CTRL] tier 2 -> 3  mem=[0, 1, 2]  slot_B=PAUSED (total=182.7% (rule >175.0))
[CTRL] tier 3 -> 2  mem=[0, 1]  slot_B=[2] (total=87.8% (rule <100.0))
[CTRL] slot_A: started blackscholes on cores=[3] threads=1
[CTRL] admission high episode 3 at total=171.3%
[CTRL] tier 2 -> 3  mem=[0, 1, 2]  slot_B=PAUSED (total=178.7% (rule >175.0))
[CTRL] slot_A dynamic throttle to 10% at total=178.7%
[CTRL] tier 3 -> 2  mem=[0, 1]  slot_B=[2] (total=38.8% (rule <100.0))
[CTRL] slot_A dynamic throttle removed at total=38.3%
[CTRL] admission high episode 4 at total=179.1%
[CTRL] tier 2 -> 3  mem=[0, 1, 2]  slot_B=PAUSED (total=179.1% (rule >175.0))
[CTRL] slot_A dynamic throttle to 10% at total=179.1%
[CTRL] tier 3 -> 2  mem=[0, 1]  slot_B=[2] (total=76.9% (rule <100.0))
[CTRL] slot_A dynamic throttle removed at total=123.8%
[CTRL] slot_A: blackscholes done
[CTRL] slot_A: started barnes on cores=[3] threads=1
[CTRL] admission high episode 5 at total=176.9%
[CTRL] tier 2 -> 3  mem=[0, 1, 2]  slot_B=PAUSED (total=176.9% (rule >175.0))
[CTRL] slot_A dynamic throttle to 10% at total=176.9%
[CTRL] slot_A dynamic throttle removed at total=77.1%
[CTRL] tier 3 -> 2  mem=[0, 1]  slot_B=[2] (total=85.7% (rule <100.0))
[CTRL] admission high episode 6 at total=170.3%
[CTRL] admission high episode 7 at total=178.1%
[CTRL] tier 2 -> 3  mem=[0, 1, 2]  slot_B=PAUSED (total=178.1% (rule >175.0))
[CTRL] slot_A dynamic throttle to 10% at total=178.1%
[CTRL] tier 3 -> 2  mem=[0, 1]  slot_B=[2] (total=9.7% (rule <100.0))
[CTRL] slot_A dynamic throttle removed at total=38.6%
[CTRL] slot_A: barnes done
[CTRL] slot_A: started radix on cores=[3] threads=1
[CTRL] slot_A: radix done
[CTRL] slot_A: started canneal on cores=[3] threads=1
[CTRL] memcached restored to [0, 1, 2, 3]
[CTRL] log -> log20260516_124155.txt
[CTRL] cpu log -> /home/ubuntu/cpu_log_20260516_124155.csv
