[CTRL] Process nice priority: 0 -> -20
[CTRL] Policy: bounded_total_v3  (TOTAL-CPU mode | hysteresis=5iters | poll=0.1s slot_check=0.1s | init_tier=3 min_tier=2 cap_tier=3 | thresholds=friend_v2)
[CTRL] memcached PID=18472
[CTRL] memcached pinned to [0, 1, 2] (tier 3)
[CTRL] slot_A: started blackscholes on cores=[3] threads=1
[CTRL] tier 3 → 2  mem=[0, 1]  slot_B=[2] (total=0.0% (rule <30.0))
[CTRL] slot_B: started freqmine on cores=[2] threads=2
[CTRL] tier 2 → 3  mem=[0, 1, 2]  slot_B=PAUSED (total=86.1% (rule >80.0))
[CTRL] slot_A: blackscholes done
[CTRL] slot_A: started barnes on cores=[3] threads=1
[CTRL] tier 3 → 2  mem=[0, 1]  slot_B=[2] (total=19.5% (rule <30.0))
[CTRL] tier 2 → 3  mem=[0, 1, 2]  slot_B=PAUSED (total=114.8% (rule >80.0))
[CTRL] tier 3 → 2  mem=[0, 1]  slot_B=[2] (total=29.2% (rule <30.0))
[CTRL] tier 2 → 3  mem=[0, 1, 2]  slot_B=PAUSED (total=85.6% (rule >80.0))
[CTRL] slot_A: barnes done
[CTRL] slot_A: started radix on cores=[3] threads=1
[CTRL] tier 3 → 2  mem=[0, 1]  slot_B=[2] (total=19.4% (rule <30.0))
[CTRL] slot_A: radix done
[CTRL] slot_A: started canneal on cores=[3] threads=1
[CTRL] tier 2 → 3  mem=[0, 1, 2]  slot_B=PAUSED (total=153.4% (rule >80.0))
[CTRL] tier 3 → 2  mem=[0, 1]  slot_B=[2] (total=29.0% (rule <30.0))
[CTRL] tier 2 → 3  mem=[0, 1, 2]  slot_B=PAUSED (total=94.9% (rule >80.0))
[CTRL] slot_A: canneal done
[CTRL] slot_A: started streamcluster on cores=[3] threads=1
[CTRL] tier 3 → 2  mem=[0, 1]  slot_B=[2] (total=28.9% (rule <30.0))
[CTRL] tier 2 → 3  mem=[0, 1, 2]  slot_B=PAUSED (total=140.6% (rule >80.0))
[CTRL] tier 3 → 2  mem=[0, 1]  slot_B=[2] (total=29.0% (rule <30.0))
[CTRL] tier 2 → 3  mem=[0, 1, 2]  slot_B=PAUSED (total=113.7% (rule >80.0))
[CTRL] tier 3 → 2  mem=[0, 1]  slot_B=[2] (total=29.0% (rule <30.0))
[CTRL] tier 2 → 3  mem=[0, 1, 2]  slot_B=PAUSED (total=95.1% (rule >80.0))
[CTRL] tier 3 → 2  mem=[0, 1]  slot_B=[2] (total=29.1% (rule <30.0))
[CTRL] tier 2 → 3  mem=[0, 1, 2]  slot_B=PAUSED (total=121.9% (rule >80.0))
[CTRL] tier 3 → 2  mem=[0, 1]  slot_B=[2] (total=29.1% (rule <30.0))
[CTRL] tier 2 → 3  mem=[0, 1, 2]  slot_B=PAUSED (total=132.7% (rule >80.0))
[CTRL] slot_A: streamcluster done
[CTRL] slot_A: started vips on cores=[3] threads=1
[CTRL] tier 3 → 2  mem=[0, 1]  slot_B=[2] (total=29.0% (rule <30.0))
[CTRL] tier 2 → 3  mem=[0, 1, 2]  slot_B=PAUSED (total=148.0% (rule >80.0))
[CTRL] slot_A: vips done
[CTRL] tier 3 → 2  mem=[0, 1]  slot_B=[2] (total=29.4% (rule <30.0))
[CTRL] tier 2 → 3  mem=[0, 1, 2]  slot_B=PAUSED (total=87.8% (rule >80.0))
[CTRL] tier 3 → 2  mem=[0, 1]  slot_B=[2] (total=29.4% (rule <30.0))
