[CTRL] Process nice priority: 0 -> -20
[CTRL] Policy: bounded_total_gate  (TOTAL-CPU mode | hysteresis=5iters | poll=0.1s slot_check=0.1s | init_tier=3 min_tier=2 cap_tier=3 | thresholds={2: [(3, '>', 80.0)], 3: [(2, '<', 30.0)]} | shrink_confirm=60iters | startup_tier_lock=0.0s | slot_A_delay=0.0s slot_B_delay=0.0s | slot_A_guard=0.0/0.0 hold=0.0s confirm=1 | slot_A_dyn_throttle=10% 135.0/85.0 | admission_episode=170.0/130.0 A=3eps/45.0%/20iters/10.0s B=0eps/0.0%/1iters/0.0s)
[CTRL] memcached PID=31095
[CTRL] memcached pinned to [0, 1, 2] (tier 3)
[CTRL] tier 3 -> 2  mem=[0, 1]  slot_B=[2] (total=0.0% (rule <30.0))
[CTRL] slot_B: started freqmine on cores=[2] threads=2
[CTRL] tier 2 -> 3  mem=[0, 1, 2]  slot_B=PAUSED (total=97.1% (rule >80.0))
[CTRL] admission high episode 1 at total=193.1%
[CTRL] admission high episode 2 at total=201.7%
[CTRL] admission high episode 3 at total=182.8%
[CTRL] admission high episode 4 at total=175.0%
[CTRL] admission high episode 5 at total=183.6%
[CTRL] admission high episode 6 at total=174.4%
[CTRL] admission high episode 7 at total=173.9%
[CTRL] admission high episode 8 at total=173.9%
[CTRL] slot_A: started blackscholes on cores=[3] threads=1
[CTRL] slot_A dynamic throttle to 10% at total=143.9%
[CTRL] admission high episode 9 at total=180.8%
[CTRL] slot_A dynamic throttle removed at total=58.0%
[CTRL] slot_A dynamic throttle to 10% at total=141.9%
[CTRL] admission high episode 10 at total=187.1%
[CTRL] slot_A dynamic throttle removed at total=29.1%
[CTRL] tier 3 -> 2  mem=[0, 1]  slot_B=[2] (total=0.0% (rule <30.0))
[CTRL] slot_A: blackscholes done
[CTRL] slot_A: started barnes on cores=[3] threads=1
[CTRL] memcached restored to [0, 1, 2, 3]
[CTRL] log -> log20260515_214108.txt
[CTRL] cpu log -> /home/ubuntu/cpu_log_20260515_214108.csv
