[CTRL] Process nice priority: 0 -> -20
[CTRL] Policy: bounded_total_gate_slotb_wide  (TOTAL-CPU mode | hysteresis=5iters | poll=0.1s slot_check=0.1s | init_tier=3 min_tier=2 cap_tier=3 | thresholds={2: [(3, '>', 120.0)], 3: [(2, '<', 100.0)]} | shrink_confirm=20iters | startup_tier_lock=0.0s | slot_A_delay=0.0s slot_B_delay=0.0s | slot_A_guard=0.0/0.0 hold=0.0s confirm=1 | slot_A_dyn_throttle=10% 135.0/85.0 | admission_episode=170.0/130.0 A=2eps/120.0%/10iters/10.0s B=0eps/0.0%/1iters/0.0s)
[CTRL] memcached PID=69700
[CTRL] memcached pinned to [0, 1, 2] (tier 3)
[CTRL] tier 3 -> 2  mem=[0, 1]  slot_B=[2] (total=0.0% (rule <100.0))
[CTRL] slot_B: started freqmine on cores=[2] threads=2
[CTRL] tier 2 -> 3  mem=[0, 1, 2]  slot_B=PAUSED (total=155.4% (rule >120.0))
[CTRL] admission high episode 1 at total=194.0%
[CTRL] tier 3 -> 2  mem=[0, 1]  slot_B=[2] (total=87.8% (rule <100.0))
[CTRL] tier 2 -> 3  mem=[0, 1, 2]  slot_B=PAUSED (total=145.5% (rule >120.0))
[CTRL] admission high episode 2 at total=215.5%
[CTRL] tier 3 -> 2  mem=[0, 1]  slot_B=[2] (total=77.7% (rule <100.0))
[CTRL] slot_A: started blackscholes on cores=[3] threads=1
[CTRL] tier 2 -> 3  mem=[0, 1, 2]  slot_B=PAUSED (total=132.9% (rule >120.0))
[CTRL] slot_A dynamic throttle to 10% at total=150.7%
[CTRL] slot_A dynamic throttle removed at total=29.0%
[CTRL] tier 3 -> 2  mem=[0, 1]  slot_B=[2] (total=28.9% (rule <100.0))
[CTRL] tier 2 -> 3  mem=[0, 1, 2]  slot_B=PAUSED (total=151.0% (rule >120.0))
[CTRL] slot_A dynamic throttle to 10% at total=151.0%
[CTRL] admission high episode 3 at total=189.6%
[CTRL] slot_A dynamic throttle removed at total=19.4%
[CTRL] tier 3 -> 2  mem=[0, 1]  slot_B=[2] (total=38.7% (rule <100.0))
[CTRL] slot_A: blackscholes done
[CTRL] slot_A: started barnes on cores=[3] threads=1
[CTRL] tier 2 -> 3  mem=[0, 1, 2]  slot_B=PAUSED (total=151.9% (rule >120.0))
[CTRL] slot_A dynamic throttle to 10% at total=151.9%
[CTRL] admission high episode 4 at total=180.0%
[CTRL] slot_A dynamic throttle removed at total=19.3%
[CTRL] tier 3 -> 2  mem=[0, 1]  slot_B=[2] (total=9.7% (rule <100.0))
[CTRL] tier 2 -> 3  mem=[0, 1, 2]  slot_B=PAUSED (total=122.9% (rule >120.0))
[CTRL] tier 3 -> 2  mem=[0, 1]  slot_B=[2] (total=48.1% (rule <100.0))
[CTRL] tier 2 -> 3  mem=[0, 1, 2]  slot_B=PAUSED (total=163.6% (rule >120.0))
[CTRL] slot_A dynamic throttle to 10% at total=163.6%
[CTRL] admission high episode 5 at total=179.4%
[CTRL] slot_A dynamic throttle removed at total=67.4%
[CTRL] tier 3 -> 2  mem=[0, 1]  slot_B=[2] (total=67.6% (rule <100.0))
[CTRL] tier 2 -> 3  mem=[0, 1, 2]  slot_B=PAUSED (total=123.8% (rule >120.0))
[CTRL] slot_A dynamic throttle to 10% at total=139.6%
[CTRL] slot_A dynamic throttle removed at total=77.1%
[CTRL] tier 3 -> 2  mem=[0, 1]  slot_B=[2] (total=76.2% (rule <100.0))
[CTRL] tier 2 -> 3  mem=[0, 1, 2]  slot_B=PAUSED (total=128.8% (rule >120.0))
[CTRL] slot_A dynamic throttle to 10% at total=145.2%
[CTRL] admission high episode 6 at total=171.7%
[CTRL] slot_A dynamic throttle removed at total=77.0%
[CTRL] tier 3 -> 2  mem=[0, 1]  slot_B=[2] (total=96.2% (rule <100.0))
[CTRL] slot_A: barnes done
[CTRL] slot_A: started radix on cores=[3] threads=1
[CTRL] tier 2 -> 3  mem=[0, 1, 2]  slot_B=PAUSED (total=130.9% (rule >120.0))
[CTRL] slot_A dynamic throttle to 10% at total=144.4%
[CTRL] admission high episode 7 at total=170.4%
[CTRL] admission high episode 8 at total=170.2%
[CTRL] slot_A dynamic throttle removed at total=77.2%
[CTRL] tier 3 -> 2  mem=[0, 1]  slot_B=[2] (total=85.7% (rule <100.0))
[CTRL] slot_A: radix done
[CTRL] slot_A: started canneal on cores=[3] threads=1
[CTRL] tier 2 -> 3  mem=[0, 1, 2]  slot_B=PAUSED (total=124.8% (rule >120.0))
[CTRL] slot_A dynamic throttle to 10% at total=142.7%
[CTRL] admission high episode 9 at total=180.4%
[CTRL] slot_A dynamic throttle removed at total=58.1%
[CTRL] tier 3 -> 2  mem=[0, 1]  slot_B=[2] (total=57.8% (rule <100.0))
[CTRL] tier 2 -> 3  mem=[0, 1, 2]  slot_B=PAUSED (total=131.3% (rule >120.0))
[CTRL] slot_A dynamic throttle to 10% at total=143.3%
[CTRL] slot_A dynamic throttle removed at total=76.9%
[CTRL] tier 3 -> 2  mem=[0, 1]  slot_B=[2] (total=77.0% (rule <100.0))
[CTRL] tier 2 -> 3  mem=[0, 1, 2]  slot_B=PAUSED (total=130.7% (rule >120.0))
[CTRL] slot_A dynamic throttle to 10% at total=142.1%
[CTRL] admission high episode 10 at total=171.8%
[CTRL] slot_A dynamic throttle removed at total=19.3%
[CTRL] tier 3 -> 2  mem=[0, 1]  slot_B=[2] (total=19.3% (rule <100.0))
[CTRL] tier 2 -> 3  mem=[0, 1, 2]  slot_B=PAUSED (total=131.3% (rule >120.0))
[CTRL] slot_A dynamic throttle to 10% at total=153.3%
[CTRL] admission high episode 11 at total=171.3%
[CTRL] slot_A dynamic throttle removed at total=77.4%
[CTRL] tier 3 -> 2  mem=[0, 1]  slot_B=[2] (total=38.5% (rule <100.0))
[CTRL] tier 2 -> 3  mem=[0, 1, 2]  slot_B=PAUSED (total=133.2% (rule >120.0))
[CTRL] slot_A dynamic throttle to 10% at total=143.6%
[CTRL] admission high episode 12 at total=170.4%
[CTRL] tier 3 -> 2  mem=[0, 1]  slot_B=[2] (total=86.3% (rule <100.0))
[CTRL] slot_A dynamic throttle removed at total=86.3%
[CTRL] slot_B: freqmine done
[CTRL] slot_B: started streamcluster on cores=[2] threads=2
[CTRL] tier 2 -> 3  mem=[0, 1, 2]  slot_B=PAUSED (total=149.3% (rule >120.0))
[CTRL] slot_A dynamic throttle to 10% at total=149.3%
[CTRL] admission high episode 13 at total=181.4%
[CTRL] admission high episode 14 at total=200.0%
[CTRL] slot_A dynamic throttle removed at total=57.8%
[CTRL] tier 3 -> 2  mem=[0, 1]  slot_B=[2] (total=57.9% (rule <100.0))
[CTRL] admission high episode 15 at total=176.2%
[CTRL] tier 2 -> 3  mem=[0, 1, 2]  slot_B=PAUSED (total=176.2% (rule >120.0))
[CTRL] slot_A dynamic throttle to 10% at total=176.2%
[CTRL] slot_A dynamic throttle removed at total=67.2%
[CTRL] tier 3 -> 2  mem=[0, 1]  slot_B=[2] (total=57.6% (rule <100.0))
[CTRL] slot_A: canneal done
[CTRL] slot_A: started vips on cores=[3] threads=1
[CTRL] tier 2 -> 3  mem=[0, 1, 2]  slot_B=PAUSED (total=141.4% (rule >120.0))
[CTRL] slot_A dynamic throttle to 10% at total=141.4%
[CTRL] admission high episode 16 at total=171.6%
[CTRL] slot_A dynamic throttle removed at total=58.2%
[CTRL] tier 3 -> 2  mem=[0, 1]  slot_B=[2] (total=48.3% (rule <100.0))
[CTRL] slot_A: vips done
[CTRL] memcached restored to [0, 1, 2, 3]
[CTRL] log -> log20260515_232819.txt
[CTRL] cpu log -> /home/ubuntu/cpu_log_20260515_232819.csv
