[CTRL] Process nice priority: 0 -> -20
[CTRL] Policy: bounded_total_warm  (TOTAL-CPU mode | hysteresis=5iters | poll=0.1s slot_check=0.1s | init_tier=3 min_tier=2 cap_tier=3 | thresholds={2: [(3, '>', 80.0)], 3: [(2, '<', 30.0)]} | shrink_confirm=60iters | startup_tier_lock=140.0s | slot_A_delay=150.0s slot_B_delay=140.0s | slot_A_guard=0.0/0.0 hold=0.0s confirm=1 | slot_A_dyn_throttle=10% 135.0/85.0 | admission_episode=170.0/130.0 A=3eps/45.0%/20iters/10.0s B=1eps/45.0%/10iters/5.0s)
[CTRL] memcached PID=19672
[CTRL] memcached pinned to [0, 1, 2] (tier 3)
[CTRL] admission high episode 1 at total=178.2%
[CTRL] admission high episode 2 at total=188.9%
[CTRL] admission high episode 3 at total=175.5%
[CTRL] admission high episode 4 at total=178.9%
[CTRL] admission high episode 5 at total=179.0%
[CTRL] slot_A: started blackscholes on cores=[3] threads=1
[CTRL] slot_A dynamic throttle to 10% at total=145.8%
[CTRL] admission high episode 6 at total=189.8%
[CTRL] slot_A dynamic throttle removed at total=68.2%
[CTRL] slot_A dynamic throttle to 10% at total=152.9%
[CTRL] admission high episode 7 at total=174.0%
[CTRL] slot_A dynamic throttle removed at total=58.6%
[CTRL] slot_A dynamic throttle to 10% at total=135.8%
[CTRL] admission high episode 8 at total=174.5%
[CTRL] slot_A dynamic throttle removed at total=39.1%
[CTRL] tier 3 → 2  mem=[0, 1]  slot_B=[2] (total=0.0% (rule <30.0))
[CTRL] slot_B: started freqmine on cores=[2] threads=2
s=[3] threads=1
[CTRL] slot_A: radix done
[CTRL] slot_A: started canneal on cores=[3] threads=1
