[CTRL] Process nice priority: 0 -> -20
[CTRL] Policy: bounded_total_gate_slotb_wide  (TOTAL-CPU mode | hysteresis=5iters | poll=0.1s slot_check=0.1s | init_tier=3 min_tier=2 cap_tier=3 | thresholds={2: [(3, '>', 120.0)], 3: [(2, '<', 100.0)]} | shrink_confirm=20iters | startup_tier_lock=0.0s | slot_A_delay=0.0s slot_B_delay=0.0s | slot_A_guard=0.0/0.0 hold=0.0s confirm=1 | slot_A_dyn_throttle=10% 135.0/85.0 | admission_episode=170.0/130.0 A=2eps/120.0%/10iters/10.0s B=0eps/0.0%/1iters/0.0s)
[CTRL] memcached PID=62614
[CTRL] memcached pinned to [0, 1, 2] (tier 3)
[CTRL] tier 3 -> 2  mem=[0, 1]  slot_B=[2] (total=0.0% (rule <100.0))
[CTRL] slot_B: started freqmine on cores=[2] threads=2
[CTRL] admission high episode 1 at total=183.5%
[CTRL] tier 2 -> 3  mem=[0, 1, 2]  slot_B=PAUSED (total=183.5% (rule >120.0))
[CTRL] tier 3 -> 2  mem=[0, 1]  slot_B=[2] (total=87.8% (rule <100.0))
[CTRL] tier 2 -> 3  mem=[0, 1, 2]  slot_B=PAUSED (total=155.0% (rule >120.0))
[CTRL] admission high episode 2 at total=199.2%
[CTRL] tier 3 -> 2  mem=[0, 1]  slot_B=[2] (total=68.5% (rule <100.0))
[CTRL] slot_A: started blackscholes on cores=[3] threads=1
[CTRL] tier 2 -> 3  mem=[0, 1, 2]  slot_B=PAUSED (total=120.7% (rule >120.0))
[CTRL] slot_A dynamic throttle to 10% at total=143.6%
[CTRL] slot_A dynamic throttle removed at total=77.4%
[CTRL] tier 3 -> 2  mem=[0, 1]  slot_B=[2] (total=29.0% (rule <100.0))
[CTRL] tier 2 -> 3  mem=[0, 1, 2]  slot_B=PAUSED (total=149.6% (rule >120.0))
[CTRL] slot_A dynamic throttle to 10% at total=149.6%
[CTRL] admission high episode 3 at total=178.2%
[CTRL] slot_A dynamic throttle removed at total=48.0%
[CTRL] tier 3 -> 2  mem=[0, 1]  slot_B=[2] (total=28.9% (rule <100.0))
[CTRL] slot_A: blackscholes done
[CTRL] slot_A: started barnes on cores=[3] threads=1
[CTRL] tier 2 -> 3  mem=[0, 1, 2]  slot_B=PAUSED (total=133.9% (rule >120.0))
[CTRL] slot_A dynamic throttle to 10% at total=157.4%
[CTRL] admission high episode 4 at total=173.6%
[CTRL] slot_A dynamic throttle removed at total=29.0%
[CTRL] tier 3 -> 2  mem=[0, 1]  slot_B=[2] (total=0.0% (rule <100.0))
[CTRL] memcached restored to [0, 1, 2, 3]
[CTRL] log -> log20260515_231251.txt
[CTRL] cpu log -> /home/ubuntu/cpu_log_20260515_231251.csv
