[CTRL] Process nice priority: 0 -> -20
[CTRL] Policy: bounded_total_gate_slotb_max  (TOTAL-CPU mode | hysteresis=5iters | poll=0.1s slot_check=0.1s | init_tier=3 min_tier=2 cap_tier=3 | thresholds={2: [(3, '>', 200.0)], 3: [(2, '<', 120.0)]} | shrink_confirm=20iters | startup_tier_lock=0.0s | slot_A_delay=0.0s slot_B_delay=0.0s | slot_A_guard=0.0/0.0 hold=0.0s confirm=1 | slot_A_dyn_throttle=10% 135.0/85.0 | admission_episode=170.0/130.0 A=2eps/120.0%/10iters/10.0s B=0eps/0.0%/1iters/0.0s)
[CTRL] memcached PID=105266
[CTRL] memcached pinned to [0, 1, 2] (tier 3)
[CTRL] tier 3 -> 2  mem=[0, 1]  slot_B=[2] (total=0.0% (rule <120.0))
[CTRL] slot_B: started freqmine on cores=[2] threads=2
[CTRL] admission high episode 1 at total=182.2%
[CTRL] admission high episode 2 at total=183.7%
[CTRL] slot_A: started blackscholes on cores=[3] threads=1
[CTRL] admission high episode 3 at total=170.9%
[CTRL] admission high episode 4 at total=178.7%
[CTRL] slot_A: blackscholes done
[CTRL] slot_A: started barnes on cores=[3] threads=1
[CTRL] admission high episode 5 at total=192.2%
[CTRL] admission high episode 6 at total=177.1%
[CTRL] admission high episode 7 at total=178.4%
[CTRL] slot_A: barnes done
[CTRL] slot_A: started radix on cores=[3] threads=1
[CTRL] slot_A: radix done
[CTRL] slot_A: started canneal on cores=[3] threads=1
[CTRL] memcached restored to [0, 1, 2, 3]
[CTRL] log -> log20260516_011811.txt
[CTRL] cpu log -> /home/ubuntu/cpu_log_20260516_011811.csv
