[CTRL] Process nice priority: 0 -> -20
[CTRL] Policy: bounded_total_gate_slotb_more  (TOTAL-CPU mode | hysteresis=5iters | poll=0.1s slot_check=0.1s | init_tier=3 min_tier=2 cap_tier=3 | thresholds={2: [(3, '>', 150.0)], 3: [(2, '<', 100.0)]} | shrink_confirm=20iters | startup_tier_lock=0.0s | slot_A_delay=0.0s slot_B_delay=0.0s | slot_A_guard=0.0/0.0 hold=0.0s confirm=1 | slot_A_dyn_throttle=10% 135.0/85.0 | admission_episode=170.0/130.0 A=2eps/120.0%/10iters/10.0s B=0eps/0.0%/1iters/0.0s)
[CTRL] memcached PID=79077
[CTRL] memcached pinned to [0, 1, 2] (tier 3)
[CTRL] tier 3 -> 2  mem=[0, 1]  slot_B=[2] (total=0.0% (rule <100.0))
[CTRL] slot_B: started freqmine on cores=[2] threads=2
[CTRL] admission high episode 1 at total=183.9%
[CTRL] tier 2 -> 3  mem=[0, 1, 2]  slot_B=PAUSED (total=183.9% (rule >150.0))
[CTRL] tier 3 -> 2  mem=[0, 1]  slot_B=[2] (total=78.2% (rule <100.0))
[CTRL] admission high episode 2 at total=175.2%
[CTRL] tier 2 -> 3  mem=[0, 1, 2]  slot_B=PAUSED (total=175.2% (rule >150.0))
[CTRL] tier 3 -> 2  mem=[0, 1]  slot_B=[2] (total=78.0% (rule <100.0))
[CTRL] slot_A: started blackscholes on cores=[3] threads=1
[CTRL] tier 2 -> 3  mem=[0, 1, 2]  slot_B=PAUSED (total=161.1% (rule >150.0))
[CTRL] slot_A dynamic throttle to 10% at total=161.1%
[CTRL] admission high episode 3 at total=171.1%
[CTRL] tier 3 -> 2  mem=[0, 1]  slot_B=[2] (total=38.7% (rule <100.0))
[CTRL] slot_A dynamic throttle removed at total=38.6%
[CTRL] tier 2 -> 3  mem=[0, 1, 2]  slot_B=PAUSED (total=158.1% (rule >150.0))
[CTRL] admission high episode 4 at total=171.2%
[CTRL] tier 3 -> 2  mem=[0, 1]  slot_B=[2] (total=9.5% (rule <100.0))
[CTRL] admission high episode 5 at total=172.3%
[CTRL] tier 2 -> 3  mem=[0, 1, 2]  slot_B=PAUSED (total=172.3% (rule >150.0))
[CTRL] slot_A dynamic throttle to 10% at total=172.3%
[CTRL] tier 3 -> 2  mem=[0, 1]  slot_B=[2] (total=76.8% (rule <100.0))
[CTRL] slot_A dynamic throttle removed at total=138.7%
[CTRL] tier 2 -> 3  mem=[0, 1, 2]  slot_B=PAUSED (total=152.2% (rule >150.0))
[CTRL] slot_A dynamic throttle to 10% at total=152.2%
[CTRL] admission high episode 6 at total=172.1%
[CTRL] tier 3 -> 2  mem=[0, 1]  slot_B=[2] (total=86.9% (rule <100.0))
[CTRL] slot_A dynamic throttle removed at total=86.4%
[CTRL] tier 2 -> 3  mem=[0, 1, 2]  slot_B=PAUSED (total=152.0% (rule >150.0))
[CTRL] slot_A dynamic throttle to 10% at total=152.0%
[CTRL] admission high episode 7 at total=170.6%
[CTRL] admission high episode 8 at total=181.1%
[CTRL] slot_A dynamic throttle removed at total=76.9%
[CTRL] slot_A: blackscholes done
[CTRL] tier 3 -> 2  mem=[0, 1]  slot_B=[2] (total=88.0% (rule <100.0))
[CTRL] slot_A: started barnes on cores=[3] threads=1
[CTRL] tier 2 -> 3  mem=[0, 1, 2]  slot_B=PAUSED (total=159.5% (rule >150.0))
[CTRL] slot_A dynamic throttle to 10% at total=159.5%
[CTRL] admission high episode 9 at total=189.7%
[CTRL] slot_A dynamic throttle removed at total=48.3%
[CTRL] tier 3 -> 2  mem=[0, 1]  slot_B=[2] (total=57.9% (rule <100.0))
[CTRL] tier 2 -> 3  mem=[0, 1, 2]  slot_B=PAUSED (total=151.3% (rule >150.0))
[CTRL] tier 3 -> 2  mem=[0, 1]  slot_B=[2] (total=76.6% (rule <100.0))
[CTRL] tier 2 -> 3  mem=[0, 1, 2]  slot_B=PAUSED (total=152.0% (rule >150.0))
[CTRL] slot_A dynamic throttle to 10% at total=152.0%
[CTRL] admission high episode 10 at total=188.5%
[CTRL] slot_A dynamic throttle removed at total=38.7%
[CTRL] tier 3 -> 2  mem=[0, 1]  slot_B=[2] (total=9.7% (rule <100.0))
[CTRL] slot_A: barnes done
[CTRL] slot_A: started radix on cores=[3] threads=1
[CTRL] memcached restored to [0, 1, 2, 3]
[CTRL] log -> log20260515_235910.txt
[CTRL] cpu log -> /home/ubuntu/cpu_log_20260515_235910.csv
