[CTRL] Process nice priority: 0 -> -20
[CTRL] Policy: bounded_total_v2  (TOTAL-CPU mode | hysteresis=15iters | poll=0.1s slot_check=0.1s | init_tier=3 min_tier=1 cap_tier=3 | thresholds=friend_v2)
[CTRL] memcached PID=156129
[CTRL] memcached pinned to [0, 1, 2] (tier 3)
[CTRL] slot_A: started blackscholes on cores=[3] threads=1
[CTRL] tier 3 → 1  mem=[0]  slot_B=[1, 2] (total=0.0% (rule <125.0))
[CTRL] slot_B: started freqmine on cores=[1, 2] threads=2
[CTRL] tier 1 → 2  mem=[0, 1]  slot_B=[2] (total=85.5% (rule >80.0))
[CTRL] tier 2 → 1  mem=[0]  slot_B=[1, 2] (total=94.7% (rule <95.0))
[CTRL] tier 1 → 2  mem=[0, 1]  slot_B=[2] (total=85.5% (rule >80.0))
[CTRL] tier 2 → 3  mem=[0, 1, 2]  slot_B=PAUSED (total=162.1% (rule >160.0))
[CTRL] tier 3 → 1  mem=[0]  slot_B=[1, 2] (total=122.7% (rule <125.0))
[CTRL] tier 1 → 2  mem=[0, 1]  slot_B=[2] (total=95.5% (rule >80.0))
[CTRL] tier 2 → 3  mem=[0, 1, 2]  slot_B=PAUSED (total=167.7% (rule >160.0))
[CTRL] tier 3 → 2  mem=[0, 1]  slot_B=[2] (total=149.5% (rule <170.0))
[CTRL] tier 2 → 1  mem=[0]  slot_B=[1, 2] (total=66.7% (rule <95.0))
[CTRL] tier 1 → 2  mem=[0, 1]  slot_B=[2] (total=84.2% (rule >80.0))
[CTRL] tier 2 → 1  mem=[0]  slot_B=[1, 2] (total=86.4% (rule <95.0))
[CTRL] tier 1 → 2  mem=[0, 1]  slot_B=[2] (total=84.4% (rule >80.0))
[CTRL] tier 2 → 1  mem=[0]  slot_B=[1, 2] (total=76.7% (rule <95.0))
[CTRL] tier 1 → 2  mem=[0, 1]  slot_B=[2] (total=96.8% (rule >80.0))
[CTRL] tier 2 → 3  mem=[0, 1, 2]  slot_B=PAUSED (total=170.5% (rule >160.0))
[CTRL] tier 3 → 2  mem=[0, 1]  slot_B=[2] (total=168.0% (rule <170.0))
[CTRL] tier 2 → 1  mem=[0]  slot_B=[1, 2] (total=86.3% (rule <95.0))
[CTRL] tier 1 → 2  mem=[0, 1]  slot_B=[2] (total=105.1% (rule >80.0))
[CTRL] tier 2 → 1  mem=[0]  slot_B=[1, 2] (total=94.6% (rule <95.0))
[CTRL] tier 1 → 2  mem=[0, 1]  slot_B=[2] (total=95.8% (rule >80.0))
[CTRL] tier 2 → 1  mem=[0]  slot_B=[1, 2] (total=38.3% (rule <95.0))
[CTRL] tier 1 → 2  mem=[0, 1]  slot_B=[2] (total=94.7% (rule >80.0))
[CTRL] tier 2 → 1  mem=[0]  slot_B=[1, 2] (total=86.2% (rule <95.0))
[CTRL] tier 1 → 2  mem=[0, 1]  slot_B=[2] (total=94.7% (rule >80.0))
[CTRL] tier 2 → 1  mem=[0]  slot_B=[1, 2] (total=19.3% (rule <95.0))
[CTRL] tier 1 → 2  mem=[0, 1]  slot_B=[2] (total=86.3% (rule >80.0))
[CTRL] tier 2 → 1  mem=[0]  slot_B=[1, 2] (total=86.1% (rule <95.0))
[CTRL] tier 1 → 2  mem=[0, 1]  slot_B=[2] (total=103.7% (rule >80.0))
[CTRL] tier 2 → 3  mem=[0, 1, 2]  slot_B=PAUSED (total=160.6% (rule >160.0))
[CTRL] tier 3 → 2  mem=[0, 1]  slot_B=[2] (total=163.1% (rule <170.0))
[CTRL] tier 2 → 3  mem=[0, 1, 2]  slot_B=PAUSED (total=162.1% (rule >160.0))
[CTRL] tier 3 → 1  mem=[0]  slot_B=[1, 2] (total=28.5% (rule <125.0))
[CTRL] tier 1 → 2  mem=[0, 1]  slot_B=[2] (total=95.1% (rule >80.0))
[CTRL] tier 2 → 1  mem=[0]  slot_B=[1, 2] (total=86.1% (rule <95.0))
[CTRL] tier 1 → 2  mem=[0, 1]  slot_B=[2] (total=94.3% (rule >80.0))
[CTRL] tier 2 → 1  mem=[0]  slot_B=[1, 2] (total=65.8% (rule <95.0))
[CTRL] tier 1 → 2  mem=[0, 1]  slot_B=[2] (total=83.9% (rule >80.0))
[CTRL] tier 2 → 1  mem=[0]  slot_B=[1, 2] (total=94.4% (rule <95.0))
[CTRL] tier 1 → 2  mem=[0, 1]  slot_B=[2] (total=86.6% (rule >80.0))
[CTRL] tier 2 → 1  mem=[0]  slot_B=[1, 2] (total=38.6% (rule <95.0))
[CTRL] tier 1 → 2  mem=[0, 1]  slot_B=[2] (total=93.5% (rule >80.0))
[CTRL] tier 2 → 3  mem=[0, 1, 2]  slot_B=PAUSED (total=190.1% (rule >160.0))
[CTRL] tier 3 → 2  mem=[0, 1]  slot_B=[2] (total=159.9% (rule <170.0))
[CTRL] tier 2 → 1  mem=[0]  slot_B=[1, 2] (total=92.0% (rule <95.0))
[CTRL] tier 1 → 2  mem=[0, 1]  slot_B=[2] (total=86.4% (rule >80.0))
[CTRL] tier 2 → 1  mem=[0]  slot_B=[1, 2] (total=87.1% (rule <95.0))
[CTRL] tier 1 → 2  mem=[0, 1]  slot_B=[2] (total=103.6% (rule >80.0))
[CTRL] tier 2 → 1  mem=[0]  slot_B=[1, 2] (total=93.7% (rule <95.0))
[CTRL] tier 1 → 2  mem=[0, 1]  slot_B=[2] (total=104.4% (rule >80.0))
[CTRL] tier 2 → 1  mem=[0]  slot_B=[1, 2] (total=94.9% (rule <95.0))
[CTRL] tier 1 → 2  mem=[0, 1]  slot_B=[2] (total=86.1% (rule >80.0))
[CTRL] tier 2 → 1  mem=[0]  slot_B=[1, 2] (total=93.3% (rule <95.0))
[CTRL] tier 1 → 2  mem=[0, 1]  slot_B=[2] (total=103.8% (rule >80.0))
[CTRL] tier 2 → 1  mem=[0]  slot_B=[1, 2] (total=85.7% (rule <95.0))
[CTRL] tier 1 → 2  mem=[0, 1]  slot_B=[2] (total=104.9% (rule >80.0))
[CTRL] tier 2 → 3  mem=[0, 1, 2]  slot_B=PAUSED (total=169.7% (rule >160.0))
[CTRL] tier 3 → 2  mem=[0, 1]  slot_B=[2] (total=145.3% (rule <170.0))
[CTRL] tier 2 → 1  mem=[0]  slot_B=[1, 2] (total=93.9% (rule <95.0))
[CTRL] tier 1 → 2  mem=[0, 1]  slot_B=[2] (total=101.5% (rule >80.0))
[CTRL] tier 2 → 1  mem=[0]  slot_B=[1, 2] (total=56.4% (rule <95.0))
[CTRL] tier 1 → 2  mem=[0, 1]  slot_B=[2] (total=86.4% (rule >80.0))
[CTRL] tier 2 → 1  mem=[0]  slot_B=[1, 2] (total=92.1% (rule <95.0))
[CTRL] tier 1 → 2  mem=[0, 1]  slot_B=[2] (total=83.5% (rule >80.0))
[CTRL] tier 2 → 1  mem=[0]  slot_B=[1, 2] (total=57.1% (rule <95.0))
[CTRL] tier 1 → 2  mem=[0, 1]  slot_B=[2] (total=95.5% (rule >80.0))
[CTRL] tier 2 → 1  mem=[0]  slot_B=[1, 2] (total=85.5% (rule <95.0))
[CTRL] tier 1 → 2  mem=[0, 1]  slot_B=[2] (total=95.8% (rule >80.0))
[CTRL] tier 2 → 1  mem=[0]  slot_B=[1, 2] (total=93.3% (rule <95.0))
[CTRL] tier 1 → 2  mem=[0, 1]  slot_B=[2] (total=96.0% (rule >80.0))
[CTRL] tier 2 → 1  mem=[0]  slot_B=[1, 2] (total=92.4% (rule <95.0))
[CTRL] tier 1 → 2  mem=[0, 1]  slot_B=[2] (total=95.1% (rule >80.0))
[CTRL] tier 2 → 3  mem=[0, 1, 2]  slot_B=PAUSED (total=161.0% (rule >160.0))
[CTRL] tier 3 → 2  mem=[0, 1]  slot_B=[2] (total=159.5% (rule <170.0))
[CTRL] tier 2 → 1  mem=[0]  slot_B=[1, 2] (total=85.4% (rule <95.0))
[CTRL] tier 1 → 2  mem=[0, 1]  slot_B=[2] (total=93.5% (rule >80.0))
[CTRL] tier 2 → 1  mem=[0]  slot_B=[1, 2] (total=86.9% (rule <95.0))
[CTRL] tier 1 → 2  mem=[0, 1]  slot_B=[2] (total=95.8% (rule >80.0))
[CTRL] tier 2 → 1  mem=[0]  slot_B=[1, 2] (total=86.8% (rule <95.0))
[CTRL] tier 1 → 2  mem=[0, 1]  slot_B=[2] (total=93.8% (rule >80.0))
[CTRL] tier 2 → 1  mem=[0]  slot_B=[1, 2] (total=85.6% (rule <95.0))
[CTRL] tier 1 → 2  mem=[0, 1]  slot_B=[2] (total=94.5% (rule >80.0))
[CTRL] tier 2 → 1  mem=[0]  slot_B=[1, 2] (total=83.1% (rule <95.0))
[CTRL] tier 1 → 2  mem=[0, 1]  slot_B=[2] (total=86.4% (rule >80.0))
[CTRL] tier 2 → 1  mem=[0]  slot_B=[1, 2] (total=91.3% (rule <95.0))
[CTRL] tier 1 → 2  mem=[0, 1]  slot_B=[2] (total=95.7% (rule >80.0))
[CTRL] tier 2 → 1  mem=[0]  slot_B=[1, 2] (total=93.7% (rule <95.0))
[CTRL] tier 1 → 2  mem=[0, 1]  slot_B=[2] (total=84.3% (rule >80.0))
[CTRL] tier 2 → 1  mem=[0]  slot_B=[1, 2] (total=48.1% (rule <95.0))
[CTRL] tier 1 → 2  mem=[0, 1]  slot_B=[2] (total=93.7% (rule >80.0))
[CTRL] slot_A: blackscholes done
[CTRL] slot_A: started barnes on cores=[3] threads=1
[CTRL] tier 2 → 1  mem=[0]  slot_B=[1, 2] (total=83.3% (rule <95.0))
[CTRL] tier 1 → 2  mem=[0, 1]  slot_B=[2] (total=94.4% (rule >80.0))
[CTRL] tier 2 → 1  mem=[0]  slot_B=[1, 2] (total=85.9% (rule <95.0))
[CTRL] tier 1 → 2  mem=[0, 1]  slot_B=[2] (total=104.1% (rule >80.0))
[CTRL] tier 2 → 1  mem=[0]  slot_B=[1, 2] (total=67.1% (rule <95.0))
[CTRL] tier 1 → 2  mem=[0, 1]  slot_B=[2] (total=86.4% (rule >80.0))
[CTRL] tier 2 → 1  mem=[0]  slot_B=[1, 2] (total=86.2% (rule <95.0))
[CTRL] tier 1 → 2  mem=[0, 1]  slot_B=[2] (total=95.4% (rule >80.0))
[CTRL] tier 2 → 1  mem=[0]  slot_B=[1, 2] (total=86.7% (rule <95.0))
[CTRL] tier 1 → 2  mem=[0, 1]  slot_B=[2] (total=103.4% (rule >80.0))
[CTRL] tier 2 → 1  mem=[0]  slot_B=[1, 2] (total=94.7% (rule <95.0))
[CTRL] tier 1 → 2  mem=[0, 1]  slot_B=[2] (total=96.0% (rule >80.0))
[CTRL] tier 2 → 3  mem=[0, 1, 2]  slot_B=PAUSED (total=162.7% (rule >160.0))
[CTRL] tier 3 → 1  mem=[0]  slot_B=[1, 2] (total=95.9% (rule <125.0))
[CTRL] tier 1 → 2  mem=[0, 1]  slot_B=[2] (total=86.2% (rule >80.0))
[CTRL] tier 2 → 1  mem=[0]  slot_B=[1, 2] (total=94.9% (rule <95.0))
[CTRL] tier 1 → 2  mem=[0, 1]  slot_B=[2] (total=85.9% (rule >80.0))
[CTRL] tier 2 → 1  mem=[0]  slot_B=[1, 2] (total=94.7% (rule <95.0))
[CTRL] tier 1 → 2  mem=[0, 1]  slot_B=[2] (total=86.7% (rule >80.0))
[CTRL] tier 2 → 1  mem=[0]  slot_B=[1, 2] (total=94.2% (rule <95.0))
[CTRL] tier 1 → 2  mem=[0, 1]  slot_B=[2] (total=104.7% (rule >80.0))
[CTRL] tier 2 → 3  mem=[0, 1, 2]  slot_B=PAUSED (total=161.6% (rule >160.0))
[CTRL] tier 3 → 2  mem=[0, 1]  slot_B=[2] (total=131.6% (rule <170.0))
[CTRL] tier 2 → 1  mem=[0]  slot_B=[1, 2] (total=79.3% (rule <95.0))
